Archive member included to satisfy reference by file (symbol)

c:/st/stm32cubeide_1.4.0/stm32cubeide/plugins/com.st.stm32cube.ide.mcu.externaltools.gnu-tools-for-stm32.7-2018-q2-update.win32_1.4.0.202007081208/tools/bin/../lib/gcc/arm-none-eabi/7.3.1/../../../../arm-none-eabi/lib/thumb/v7e-m/fpv5/hard\libc_nano.a(lib_a-exit.o)
                              c:/st/stm32cubeide_1.4.0/stm32cubeide/plugins/com.st.stm32cube.ide.mcu.externaltools.gnu-tools-for-stm32.7-2018-q2-update.win32_1.4.0.202007081208/tools/bin/../lib/gcc/arm-none-eabi/7.3.1/../../../../arm-none-eabi/lib/thumb/v7e-m/fpv5/hard/crt0.o (exit)
c:/st/stm32cubeide_1.4.0/stm32cubeide/plugins/com.st.stm32cube.ide.mcu.externaltools.gnu-tools-for-stm32.7-2018-q2-update.win32_1.4.0.202007081208/tools/bin/../lib/gcc/arm-none-eabi/7.3.1/../../../../arm-none-eabi/lib/thumb/v7e-m/fpv5/hard\libc_nano.a(lib_a-fflush.o)
                              src/main.o (fflush)
c:/st/stm32cubeide_1.4.0/stm32cubeide/plugins/com.st.stm32cube.ide.mcu.externaltools.gnu-tools-for-stm32.7-2018-q2-update.win32_1.4.0.202007081208/tools/bin/../lib/gcc/arm-none-eabi/7.3.1/../../../../arm-none-eabi/lib/thumb/v7e-m/fpv5/hard\libc_nano.a(lib_a-findfp.o)
                              c:/st/stm32cubeide_1.4.0/stm32cubeide/plugins/com.st.stm32cube.ide.mcu.externaltools.gnu-tools-for-stm32.7-2018-q2-update.win32_1.4.0.202007081208/tools/bin/../lib/gcc/arm-none-eabi/7.3.1/../../../../arm-none-eabi/lib/thumb/v7e-m/fpv5/hard\libc_nano.a(lib_a-fflush.o) (__sinit)
c:/st/stm32cubeide_1.4.0/stm32cubeide/plugins/com.st.stm32cube.ide.mcu.externaltools.gnu-tools-for-stm32.7-2018-q2-update.win32_1.4.0.202007081208/tools/bin/../lib/gcc/arm-none-eabi/7.3.1/../../../../arm-none-eabi/lib/thumb/v7e-m/fpv5/hard\libc_nano.a(lib_a-fwalk.o)
                              c:/st/stm32cubeide_1.4.0/stm32cubeide/plugins/com.st.stm32cube.ide.mcu.externaltools.gnu-tools-for-stm32.7-2018-q2-update.win32_1.4.0.202007081208/tools/bin/../lib/gcc/arm-none-eabi/7.3.1/../../../../arm-none-eabi/lib/thumb/v7e-m/fpv5/hard\libc_nano.a(lib_a-findfp.o) (_fwalk)
c:/st/stm32cubeide_1.4.0/stm32cubeide/plugins/com.st.stm32cube.ide.mcu.externaltools.gnu-tools-for-stm32.7-2018-q2-update.win32_1.4.0.202007081208/tools/bin/../lib/gcc/arm-none-eabi/7.3.1/../../../../arm-none-eabi/lib/thumb/v7e-m/fpv5/hard\libc_nano.a(lib_a-impure.o)
                              c:/st/stm32cubeide_1.4.0/stm32cubeide/plugins/com.st.stm32cube.ide.mcu.externaltools.gnu-tools-for-stm32.7-2018-q2-update.win32_1.4.0.202007081208/tools/bin/../lib/gcc/arm-none-eabi/7.3.1/../../../../arm-none-eabi/lib/thumb/v7e-m/fpv5/hard\libc_nano.a(lib_a-exit.o) (_global_impure_ptr)
c:/st/stm32cubeide_1.4.0/stm32cubeide/plugins/com.st.stm32cube.ide.mcu.externaltools.gnu-tools-for-stm32.7-2018-q2-update.win32_1.4.0.202007081208/tools/bin/../lib/gcc/arm-none-eabi/7.3.1/../../../../arm-none-eabi/lib/thumb/v7e-m/fpv5/hard\libc_nano.a(lib_a-init.o)
                              c:/st/stm32cubeide_1.4.0/stm32cubeide/plugins/com.st.stm32cube.ide.mcu.externaltools.gnu-tools-for-stm32.7-2018-q2-update.win32_1.4.0.202007081208/tools/bin/../lib/gcc/arm-none-eabi/7.3.1/../../../../arm-none-eabi/lib/thumb/v7e-m/fpv5/hard/crt0.o (__libc_init_array)
c:/st/stm32cubeide_1.4.0/stm32cubeide/plugins/com.st.stm32cube.ide.mcu.externaltools.gnu-tools-for-stm32.7-2018-q2-update.win32_1.4.0.202007081208/tools/bin/../lib/gcc/arm-none-eabi/7.3.1/../../../../arm-none-eabi/lib/thumb/v7e-m/fpv5/hard\libc_nano.a(lib_a-malloc.o)
                              src/main.o (malloc)
c:/st/stm32cubeide_1.4.0/stm32cubeide/plugins/com.st.stm32cube.ide.mcu.externaltools.gnu-tools-for-stm32.7-2018-q2-update.win32_1.4.0.202007081208/tools/bin/../lib/gcc/arm-none-eabi/7.3.1/../../../../arm-none-eabi/lib/thumb/v7e-m/fpv5/hard\libc_nano.a(lib_a-memset.o)
                              c:/st/stm32cubeide_1.4.0/stm32cubeide/plugins/com.st.stm32cube.ide.mcu.externaltools.gnu-tools-for-stm32.7-2018-q2-update.win32_1.4.0.202007081208/tools/bin/../lib/gcc/arm-none-eabi/7.3.1/../../../../arm-none-eabi/lib/thumb/v7e-m/fpv5/hard/crt0.o (memset)
c:/st/stm32cubeide_1.4.0/stm32cubeide/plugins/com.st.stm32cube.ide.mcu.externaltools.gnu-tools-for-stm32.7-2018-q2-update.win32_1.4.0.202007081208/tools/bin/../lib/gcc/arm-none-eabi/7.3.1/../../../../arm-none-eabi/lib/thumb/v7e-m/fpv5/hard\libc_nano.a(lib_a-nano-freer.o)
                              c:/st/stm32cubeide_1.4.0/stm32cubeide/plugins/com.st.stm32cube.ide.mcu.externaltools.gnu-tools-for-stm32.7-2018-q2-update.win32_1.4.0.202007081208/tools/bin/../lib/gcc/arm-none-eabi/7.3.1/../../../../arm-none-eabi/lib/thumb/v7e-m/fpv5/hard\libc_nano.a(lib_a-fflush.o) (_free_r)
c:/st/stm32cubeide_1.4.0/stm32cubeide/plugins/com.st.stm32cube.ide.mcu.externaltools.gnu-tools-for-stm32.7-2018-q2-update.win32_1.4.0.202007081208/tools/bin/../lib/gcc/arm-none-eabi/7.3.1/../../../../arm-none-eabi/lib/thumb/v7e-m/fpv5/hard\libc_nano.a(lib_a-nano-mallocr.o)
[...]
Memory Configuration

Name             Origin             Length             Attributes
RAM              0x0000000020000000 0x0000000000080000 xrw
ROM              0x0000000008000000 0x0000000000200000 xr
*default*        0x0000000000000000 0xffffffffffffffff

Linker script and memory map

LOAD c:/st/stm32cubeide_1.4.0/stm32cubeide/plugins/com.st.stm32cube.ide.mcu.externaltools.gnu-tools-for-stm32.7-2018-q2-update.win32_1.4.0.202007081208/tools/bin/../lib/gcc/arm-none-eabi/7.3.1/thumb/v7e-m/fpv5/hard/crti.o
LOAD c:/st/stm32cubeide_1.4.0/stm32cubeide/plugins/com.st.stm32cube.ide.mcu.externaltools.gnu-tools-for-stm32.7-2018-q2-update.win32_1.4.0.202007081208/tools/bin/../lib/gcc/arm-none-eabi/7.3.1/thumb/v7e-m/fpv5/hard/crtbegin.o
LOAD c:/st/stm32cubeide_1.4.0/stm32cubeide/plugins/com.st.stm32cube.ide.mcu.externaltools.gnu-tools-for-stm32.7-2018-q2-update.win32_1.4.0.202007081208/tools/bin/../lib/gcc/arm-none-eabi/7.3.1/../../../../arm-none-eabi/lib/thumb/v7e-m/fpv5/hard/crt0.o
LOAD src/init.o
LOAD src/main.o
LOAD src/uart.o
LOAD startup/startup_stm32f769nihx.o
LOAD stm32lib/CMSIS/Device/ST/STM32F7xx/Source/Templates/system_stm32f7xx.o
LOAD stm32lib/STM32F7xx_HAL_Driver/Src/stm32f7xx_hal.o
LOAD stm32lib/STM32F7xx_HAL_Driver/Src/stm32f7xx_hal_adc.o
LOAD stm32lib/STM32F7xx_HAL_Driver/Src/stm32f7xx_hal_cortex.o
LOAD stm32lib/STM32F7xx_HAL_Driver/Src/stm32f7xx_hal_gpio.o
LOAD stm32lib/STM32F7xx_HAL_Driver/Src/stm32f7xx_hal_pwr.o
LOAD stm32lib/STM32F7xx_HAL_Driver/Src/stm32f7xx_hal_pwr_ex.o
LOAD stm32lib/STM32F7xx_HAL_Driver/Src/stm32f7xx_hal_rcc.o
LOAD stm32lib/STM32F7xx_HAL_Driver/Src/stm32f7xx_hal_tim.o
LOAD stm32lib/STM32F7xx_HAL_Driver/Src/stm32f7xx_hal_uart.o
START GROUP
LOAD c:/st/stm32cubeide_1.4.0/stm32cubeide/plugins/com.st.stm32cube.ide.mcu.externaltools.gnu-tools-for-stm32.7-2018-q2-update.win32_1.4.0.202007081208/tools/bin/../lib/gcc/arm-none-eabi/7.3.1/../../../../arm-none-eabi/lib/thumb/v7e-m/fpv5/hard\libc_nano.a
LOAD c:/st/stm32cubeide_1.4.0/stm32cubeide/plugins/com.st.stm32cube.ide.mcu.externaltools.gnu-tools-for-stm32.7-2018-q2-update.win32_1.4.0.202007081208/tools/bin/../lib/gcc/arm-none-eabi/7.3.1/../../../../arm-none-eabi/lib/thumb/v7e-m/fpv5/hard\libm.a
END GROUP
START GROUP
LOAD c:/st/stm32cubeide_1.4.0/stm32cubeide/plugins/com.st.stm32cube.ide.mcu.externaltools.gnu-tools-for-stm32.7-2018-q2-update.win32_1.4.0.202007081208/tools/bin/../lib/gcc/arm-none-eabi/7.3.1/thumb/v7e-m/fpv5/hard\libgcc.a
LOAD c:/st/stm32cubeide_1.4.0/stm32cubeide/plugins/com.st.stm32cube.ide.mcu.externaltools.gnu-tools-for-stm32.7-2018-q2-update.win32_1.4.0.202007081208/tools/bin/../lib/gcc/arm-none-eabi/7.3.1/../../../../arm-none-eabi/lib/thumb/v7e-m/fpv5/hard\libc_nano.a
END GROUP
START GROUP
LOAD c:/st/stm32cubeide_1.4.0/stm32cubeide/plugins/com.st.stm32cube.ide.mcu.externaltools.gnu-tools-for-stm32.7-2018-q2-update.win32_1.4.0.202007081208/tools/bin/../lib/gcc/arm-none-eabi/7.3.1/thumb/v7e-m/fpv5/hard\libgcc.a
LOAD c:/st/stm32cubeide_1.4.0/stm32cubeide/plugins/com.st.stm32cube.ide.mcu.externaltools.gnu-tools-for-stm32.7-2018-q2-update.win32_1.4.0.202007081208/tools/bin/../lib/gcc/arm-none-eabi/7.3.1/../../../../arm-none-eabi/lib/thumb/v7e-m/fpv5/hard\libc_nano.a
LOAD c:/st/stm32cubeide_1.4.0/stm32cubeide/plugins/com.st.stm32cube.ide.mcu.externaltools.gnu-tools-for-stm32.7-2018-q2-update.win32_1.4.0.202007081208/tools/bin/../lib/gcc/arm-none-eabi/7.3.1/../../../../arm-none-eabi/lib/thumb/v7e-m/fpv5/hard\libnosys.a
END GROUP
START GROUP
LOAD c:/st/stm32cubeide_1.4.0/stm32cubeide/plugins/com.st.stm32cube.ide.mcu.externaltools.gnu-tools-for-stm32.7-2018-q2-update.win32_1.4.0.202007081208/tools/bin/../lib/gcc/arm-none-eabi/7.3.1/thumb/v7e-m/fpv5/hard\libgcc.a
LOAD c:/st/stm32cubeide_1.4.0/stm32cubeide/plugins/com.st.stm32cube.ide.mcu.externaltools.gnu-tools-for-stm32.7-2018-q2-update.win32_1.4.0.202007081208/tools/bin/../lib/gcc/arm-none-eabi/7.3.1/../../../../arm-none-eabi/lib/thumb/v7e-m/fpv5/hard\libc_nano.a
LOAD c:/st/stm32cubeide_1.4.0/stm32cubeide/plugins/com.st.stm32cube.ide.mcu.externaltools.gnu-tools-for-stm32.7-2018-q2-update.win32_1.4.0.202007081208/tools/bin/../lib/gcc/arm-none-eabi/7.3.1/../../../../arm-none-eabi/lib/thumb/v7e-m/fpv5/hard\libnosys.a
END GROUP
LOAD c:/st/stm32cubeide_1.4.0/stm32cubeide/plugins/com.st.stm32cube.ide.mcu.externaltools.gnu-tools-for-stm32.7-2018-q2-update.win32_1.4.0.202007081208/tools/bin/../lib/gcc/arm-none-eabi/7.3.1/thumb/v7e-m/fpv5/hard/crtend.o
LOAD c:/st/stm32cubeide_1.4.0/stm32cubeide/plugins/com.st.stm32cube.ide.mcu.externaltools.gnu-tools-for-stm32.7-2018-q2-update.win32_1.4.0.202007081208/tools/bin/../lib/gcc/arm-none-eabi/7.3.1/thumb/v7e-m/fpv5/hard/crtn.o
                0x0000000020080000                _estack = 0x20080000
                0x0000000000000000                _Min_Heap_Size = 0x0
                0x0000000000000400                _Min_Stack_Size = 0x400

.isr_vector     0x0000000008000000      0x1f8
                0x0000000008000000                . = ALIGN (0x4)
 *(.isr_vector)
 .isr_vector    0x0000000008000000      0x1f8 startup/startup_stm32f769nihx.o
                0x0000000008000000                g_pfnVectors
                0x00000000080001f8                . = ALIGN (0x4)

.text           0x0000000008000200     0x29d8
                0x0000000008000200                . = ALIGN (0x4)
 *(.text)
 .text          0x0000000008000200       0x40 c:/st/stm32cubeide_1.4.0/stm32cubeide/plugins/com.st.stm32cube.ide.mcu.externaltools.gnu-tools-for-stm32.7-2018-q2-update.win32_1.4.0.202007081208/tools/bin/../lib/gcc/arm-none-eabi/7.3.1/thumb/v7e-m/fpv5/hard/crtbegin.o
 .text          0x0000000008000240       0xa0 c:/st/stm32cubeide_1.4.0/stm32cubeide/plugins/com.st.stm32cube.ide.mcu.externaltools.gnu-tools-for-stm32.7-2018-q2-update.win32_1.4.0.202007081208/tools/bin/../lib/gcc/arm-none-eabi/7.3.1/../../../../arm-none-eabi/lib/thumb/v7e-m/fpv5/hard\libc_nano.a(lib_a-memchr.o)
                0x0000000008000240                memchr
 .text          0x00000000080002e0       0x30 c:/st/stm32cubeide_1.4.0/stm32cubeide/plugins/com.st.stm32cube.ide.mcu.externaltools.gnu-tools-for-stm32.7-2018-q2-update.win32_1.4.0.202007081208/tools/bin/../lib/gcc/arm-none-eabi/7.3.1/thumb/v7e-m/fpv5/hard\libgcc.a(_aeabi_uldivmod.o)
                0x00000000080002e0                __aeabi_uldivmod
 .text          0x0000000008000310      0x2cc c:/st/stm32cubeide_1.4.0/stm32cubeide/plugins/com.st.stm32cube.ide.mcu.externaltools.gnu-tools-for-stm32.7-2018-q2-update.win32_1.4.0.202007081208/tools/bin/../lib/gcc/arm-none-eabi/7.3.1/thumb/v7e-m/fpv5/hard\libgcc.a(_udivmoddi4.o)
                0x0000000008000310                __udivmoddi4
 .text          0x00000000080005dc        0x4 c:/st/stm32cubeide_1.4.0/stm32cubeide/plugins/com.st.stm32cube.ide.mcu.externaltools.gnu-tools-for-stm32.7-2018-q2-update.win32_1.4.0.202007081208/tools/bin/../lib/gcc/arm-none-eabi/7.3.1/thumb/v7e-m/fpv5/hard\libgcc.a(_dvmd_tls.o)
                0x00000000080005dc                __aeabi_idiv0
                0x00000000080005dc                __aeabi_ldiv0
 *(.text*)
 .text.SystemClock_Config
                0x00000000080005e0       0x68 src/init.o
                0x00000000080005e0                SystemClock_Config
 .text.CPU_CACHE_Enable
                0x0000000008000648       0x80 src/init.o
                0x0000000008000648                CPU_CACHE_Enable
 .text.Sys_Init
                0x00000000080006c8       0x24 src/init.o
                0x00000000080006c8                Sys_Init
 .text.SysTick_Handler
                0x00000000080006ec        0x8 src/init.o
                0x00000000080006ec                SysTick_Handler
 .text.gpio_hal_init
                0x00000000080006f4       0xe0 src/main.o
                0x00000000080006f4                gpio_hal_init
 .text.update_led
                0x00000000080007d4       0x70 src/main.o
                0x00000000080007d4                update_led
 .text.main     0x0000000008000844       0x68 src/main.o
                0x0000000008000844                main
 .text.HAL_UART_MspInit
                0x00000000080008ac       0xd4 src/uart.o
                0x00000000080008ac                HAL_UART_MspInit
 .text.initUart
                0x0000000008000980       0x1a src/uart.o
                0x0000000008000980                initUart
 *fill*         0x000000000800099a        0x2 
 .text._write   0x000000000800099c       0x18 src/uart.o
                0x000000000800099c                _write
 .text._read    0x00000000080009b4       0x1c src/uart.o
                0x00000000080009b4                _read
 .text.Reset_Handler
                0x00000000080009d0       0x50 startup/startup_stm32f769nihx.o
                0x00000000080009d0                Reset_Handler
 .text.Default_Handler
                0x0000000008000a20        0x2 startup/startup_stm32f769nihx.o
                0x0000000008000a20                HASH_RNG_IRQHandler
                0x0000000008000a20                EXTI2_IRQHandler
                0x0000000008000a20                TIM8_CC_IRQHandler
                0x0000000008000a20                DebugMon_Handler
                0x0000000008000a20                UART8_IRQHandler
                0x0000000008000a20                SPI4_IRQHandler
                0x0000000008000a20                QuadSPI_IRQHandler
                0x0000000008000a20                DMA2_Stream5_IRQHandler
                0x0000000008000a20                HardFault_Handler
                0x0000000008000a20                JPEG_IRQHandler
                0x0000000008000a20                DSIHOST_IRQHandler
                0x0000000008000a20                DMA1_Stream5_IRQHandler
                0x0000000008000a20                CAN3_RX1_IRQHandler
                0x0000000008000a20                PVD_IRQHandler
                0x0000000008000a20                TAMP_STAMP_IRQHandler
                0x0000000008000a20                PendSV_Handler
                0x0000000008000a20                NMI_Handler
                0x0000000008000a20                CAN2_RX1_IRQHandler
                0x0000000008000a20                EXTI3_IRQHandler
                0x0000000008000a20                TIM8_TRG_COM_TIM14_IRQHandler
                0x0000000008000a20                DFSDM1_FLT1_IRQHandler
                0x0000000008000a20                TIM8_UP_TIM13_IRQHandler
                0x0000000008000a20                I2C3_ER_IRQHandler
                0x0000000008000a20                DFSDM1_FLT2_IRQHandler
                0x0000000008000a20                LCD_TFT_IRQHandler
                0x0000000008000a20                EXTI0_IRQHandler
                0x0000000008000a20                DMA1_Stream2_IRQHandler
                0x0000000008000a20                CAN1_RX0_IRQHandler
                0x0000000008000a20                FPU_IRQHandler
                0x0000000008000a20                OTG_HS_WKUP_IRQHandler
                0x0000000008000a20                CAN3_SCE_IRQHandler
                0x0000000008000a20                UsageFault_Handler
                0x0000000008000a20                CAN2_SCE_IRQHandler
                0x0000000008000a20                DMA2_Stream2_IRQHandler
                0x0000000008000a20                SPI1_IRQHandler
                0x0000000008000a20                TIM6_DAC_IRQHandler
                0x0000000008000a20                TIM1_BRK_TIM9_IRQHandler
                0x0000000008000a20                DCMI_IRQHandler
                0x0000000008000a20                CAN2_RX0_IRQHandler
                0x0000000008000a20                DMA2_Stream3_IRQHandler
                0x0000000008000a20                RTC_ALARM_IRQHandler
                0x0000000008000a20                SAI2_IRQHandler
                0x0000000008000a20                DFSDM1_FLT3_IRQHandler
                0x0000000008000a20                USART6_IRQHandler
                0x0000000008000a20                CAN3_RX0_IRQHandler
                0x0000000008000a20                USART3_IRQHandler
                0x0000000008000a20                CAN1_RX1_IRQHandler
                0x0000000008000a20                UART5_IRQHandler
                0x0000000008000a20                DMA2_Stream0_IRQHandler
                0x0000000008000a20                TIM4_IRQHandler
                0x0000000008000a20                I2C1_EV_IRQHandler
                0x0000000008000a20                HDMI_CEC_IRQHandler
                0x0000000008000a20                DMA1_Stream6_IRQHandler
                0x0000000008000a20                DMA1_Stream1_IRQHandler
                0x0000000008000a20                UART4_IRQHandler
                0x0000000008000a20                TIM3_IRQHandler
                0x0000000008000a20                RCC_IRQHandler
                0x0000000008000a20                TIM8_BRK_TIM12_IRQHandler
                0x0000000008000a20                Default_Handler
                0x0000000008000a20                EXTI15_10_IRQHandler
                0x0000000008000a20                ADC_IRQHandler
                0x0000000008000a20                DMA1_Stream7_IRQHandler
                0x0000000008000a20                SPI5_IRQHandler
                0x0000000008000a20                LPTimer1_IRQHandler
                0x0000000008000a20                TIM7_IRQHandler
                0x0000000008000a20                SDMMC1_IRQHandler
                0x0000000008000a20                CAN2_TX_IRQHandler
                0x0000000008000a20                TIM5_IRQHandler
                0x0000000008000a20                DMA2_Stream7_IRQHandler
                0x0000000008000a20                I2C3_EV_IRQHandler
                0x0000000008000a20                EXTI9_5_IRQHandler
                0x0000000008000a20                RTC_WKUP_IRQHandler
                0x0000000008000a20                ETH_WKUP_IRQHandler
                0x0000000008000a20                SPI2_IRQHandler
                0x0000000008000a20                OTG_HS_EP1_IN_IRQHandler
                0x0000000008000a20                MemManage_Handler
                0x0000000008000a20                DMA1_Stream0_IRQHandler
                0x0000000008000a20                CAN1_TX_IRQHandler
                0x0000000008000a20                SVC_Handler
                0x0000000008000a20                EXTI4_IRQHandler
                0x0000000008000a20                ETH_IRQHandler
                0x0000000008000a20                OTG_HS_EP1_OUT_IRQHandler
                0x0000000008000a20                WWDG_IRQHandler
                0x0000000008000a20                SPI6_IRQHandler
                0x0000000008000a20                MDIOS_IRQHandler
                0x0000000008000a20                I2C4_EV_IRQHandler
                0x0000000008000a20                CAN3_TX_IRQHandler
                0x0000000008000a20                TIM2_IRQHandler
                0x0000000008000a20                OTG_FS_WKUP_IRQHandler
                0x0000000008000a20                TIM1_TRG_COM_TIM11_IRQHandler
                0x0000000008000a20                OTG_HS_IRQHandler
                0x0000000008000a20                DMA2D_IRQHandler
                0x0000000008000a20                EXTI1_IRQHandler
                0x0000000008000a20                SDMMC2_IRQHandler
                0x0000000008000a20                UART7_IRQHandler
                0x0000000008000a20                USART2_IRQHandler
                0x0000000008000a20                DFSDM1_FLT0_IRQHandler
                0x0000000008000a20                SPDIFRX_IRQHandler
                0x0000000008000a20                DMA2_Stream1_IRQHandler
                0x0000000008000a20                CAN1_SCE_IRQHandler
                0x0000000008000a20                FLASH_IRQHandler
                0x0000000008000a20                DMA2_Stream4_IRQHandler
                0x0000000008000a20                BusFault_Handler
                0x0000000008000a20                USART1_IRQHandler
                0x0000000008000a20                OTG_FS_IRQHandler
                0x0000000008000a20                SPI3_IRQHandler
                0x0000000008000a20                DMA1_Stream4_IRQHandler
                0x0000000008000a20                I2C1_ER_IRQHandler
                0x0000000008000a20                FMC_IRQHandler
                0x0000000008000a20                I2C4_ER_IRQHandler
                0x0000000008000a20                DMA2_Stream6_IRQHandler
                0x0000000008000a20                SAI1_IRQHandler
                0x0000000008000a20                DMA1_Stream3_IRQHandler
 *fill*         0x0000000008000a22        0x2 
 .text.SystemInit
                0x0000000008000a24       0x1c stm32lib/CMSIS/Device/ST/STM32F7xx/Source/Templates/system_stm32f7xx.o
                0x0000000008000a24                SystemInit
 .text.HAL_MspInit
                0x0000000008000a40        0x2 stm32lib/STM32F7xx_HAL_Driver/Src/stm32f7xx_hal.o
                0x0000000008000a40                HAL_MspInit
 *fill*         0x0000000008000a42        0x2 
 .text.HAL_InitTick
                0x0000000008000a44       0x48 stm32lib/STM32F7xx_HAL_Driver/Src/stm32f7xx_hal.o
                0x0000000008000a44                HAL_InitTick
 .text.HAL_Init
                0x0000000008000a8c       0x2c stm32lib/STM32F7xx_HAL_Driver/Src/stm32f7xx_hal.o
                0x0000000008000a8c                HAL_Init
 .text.HAL_IncTick
                0x0000000008000ab8       0x18 stm32lib/STM32F7xx_HAL_Driver/Src/stm32f7xx_hal.o
                0x0000000008000ab8                HAL_IncTick
 .text.HAL_GetTick
                0x0000000008000ad0        0xc stm32lib/STM32F7xx_HAL_Driver/Src/stm32f7xx_hal.o
                0x0000000008000ad0                HAL_GetTick
 .text.HAL_NVIC_SetPriorityGrouping
                0x0000000008000adc       0x24 stm32lib/STM32F7xx_HAL_Driver/Src/stm32f7xx_hal_cortex.o
                0x0000000008000adc                HAL_NVIC_SetPriorityGrouping
 .text.HAL_NVIC_SetPriority
                0x0000000008000b00       0x64 stm32lib/STM32F7xx_HAL_Driver/Src/stm32f7xx_hal_cortex.o
                0x0000000008000b00                HAL_NVIC_SetPriority
 .text.HAL_SYSTICK_Config
                0x0000000008000b64       0x2c stm32lib/STM32F7xx_HAL_Driver/Src/stm32f7xx_hal_cortex.o
                0x0000000008000b64                HAL_SYSTICK_Config
 .text.HAL_GPIO_Init
                0x0000000008000b90      0x1dc stm32lib/STM32F7xx_HAL_Driver/Src/stm32f7xx_hal_gpio.o
                0x0000000008000b90                HAL_GPIO_Init
 .text.HAL_GPIO_ReadPin
                0x0000000008000d6c        0xe stm32lib/STM32F7xx_HAL_Driver/Src/stm32f7xx_hal_gpio.o
                0x0000000008000d6c                HAL_GPIO_ReadPin
 .text.HAL_GPIO_WritePin
                0x0000000008000d7a        0xc stm32lib/STM32F7xx_HAL_Driver/Src/stm32f7xx_hal_gpio.o
                0x0000000008000d7a                HAL_GPIO_WritePin
 *fill*         0x0000000008000d86        0x2 
 .text.HAL_PWREx_EnableOverDrive
                0x0000000008000d88       0x7c stm32lib/STM32F7xx_HAL_Driver/Src/stm32f7xx_hal_pwr_ex.o
                0x0000000008000d88                HAL_PWREx_EnableOverDrive
 .text.HAL_RCC_OscConfig
                0x0000000008000e04      0x444 stm32lib/STM32F7xx_HAL_Driver/Src/stm32f7xx_hal_rcc.o
                0x0000000008000e04                HAL_RCC_OscConfig
 .text.HAL_RCC_GetSysClockFreq
                0x0000000008001248       0xa8 stm32lib/STM32F7xx_HAL_Driver/Src/stm32f7xx_hal_rcc.o
                0x0000000008001248                HAL_RCC_GetSysClockFreq
 .text.HAL_RCC_ClockConfig
                0x00000000080012f0      0x168 stm32lib/STM32F7xx_HAL_Driver/Src/stm32f7xx_hal_rcc.o
                0x00000000080012f0                HAL_RCC_ClockConfig
 .text.HAL_RCC_GetHCLKFreq
                0x0000000008001458        0xc stm32lib/STM32F7xx_HAL_Driver/Src/stm32f7xx_hal_rcc.o
                0x0000000008001458                HAL_RCC_GetHCLKFreq
 .text.HAL_RCC_GetPCLK1Freq
                0x0000000008001464       0x20 stm32lib/STM32F7xx_HAL_Driver/Src/stm32f7xx_hal_rcc.o
                0x0000000008001464                HAL_RCC_GetPCLK1Freq
 .text.HAL_RCC_GetPCLK2Freq
                0x0000000008001484       0x20 stm32lib/STM32F7xx_HAL_Driver/Src/stm32f7xx_hal_rcc.o
                0x0000000008001484                HAL_RCC_GetPCLK2Freq
 .text.UART_SetConfig
                0x00000000080014a4      0x370 stm32lib/STM32F7xx_HAL_Driver/Src/stm32f7xx_hal_uart.o
                0x00000000080014a4                UART_SetConfig
 .text.UART_AdvFeatureConfig
                0x0000000008001814       0xca stm32lib/STM32F7xx_HAL_Driver/Src/stm32f7xx_hal_uart.o
                0x0000000008001814                UART_AdvFeatureConfig
 .text.UART_WaitOnFlagUntilTimeout
                0x00000000080018de       0x9c stm32lib/STM32F7xx_HAL_Driver/Src/stm32f7xx_hal_uart.o
                0x00000000080018de                UART_WaitOnFlagUntilTimeout
 .text.HAL_UART_Transmit
                0x000000000800197a       0xdc stm32lib/STM32F7xx_HAL_Driver/Src/stm32f7xx_hal_uart.o
                0x000000000800197a                HAL_UART_Transmit
 .text.HAL_UART_Receive
                0x0000000008001a56      0x122 stm32lib/STM32F7xx_HAL_Driver/Src/stm32f7xx_hal_uart.o
                0x0000000008001a56                HAL_UART_Receive
 .text.UART_CheckIdleState
                0x0000000008001b78       0x6c stm32lib/STM32F7xx_HAL_Driver/Src/stm32f7xx_hal_uart.o
                0x0000000008001b78                UART_CheckIdleState
 .text.HAL_UART_Init
                0x0000000008001be4       0x62 stm32lib/STM32F7xx_HAL_Driver/Src/stm32f7xx_hal_uart.o
                0x0000000008001be4                HAL_UART_Init
 *fill*         0x0000000008001c46        0x2 
 .text.__sflush_r
                0x0000000008001c48      0x10c c:/st/stm32cubeide_1.4.0/stm32cubeide/plugins/com.st.stm32cube.ide.mcu.externaltools.gnu-tools-for-stm32.7-2018-q2-update.win32_1.4.0.202007081208/tools/bin/../lib/gcc/arm-none-eabi/7.3.1/../../../../arm-none-eabi/lib/thumb/v7e-m/fpv5/hard\libc_nano.a(lib_a-fflush.o)
                0x0000000008001c48                __sflush_r
 .text._fflush_r
                0x0000000008001d54       0x54 c:/st/stm32cubeide_1.4.0/stm32cubeide/plugins/com.st.stm32cube.ide.mcu.externaltools.gnu-tools-for-stm32.7-2018-q2-update.win32_1.4.0.202007081208/tools/bin/../lib/gcc/arm-none-eabi/7.3.1/../../../../arm-none-eabi/lib/thumb/v7e-m/fpv5/hard\libc_nano.a(lib_a-fflush.o)
                0x0000000008001d54                _fflush_r
 .text.fflush   0x0000000008001da8       0x24 c:/st/stm32cubeide_1.4.0/stm32cubeide/plugins/com.st.stm32cube.ide.mcu.externaltools.gnu-tools-for-stm32.7-2018-q2-update.win32_1.4.0.202007081208/tools/bin/../lib/gcc/arm-none-eabi/7.3.1/../../../../arm-none-eabi/lib/thumb/v7e-m/fpv5/hard\libc_nano.a(lib_a-fflush.o)
                0x0000000008001da8                fflush
 .text.std      0x0000000008001dcc       0x48 c:/st/stm32cubeide_1.4.0/stm32cubeide/plugins/com.st.stm32cube.ide.mcu.externaltools.gnu-tools-for-stm32.7-2018-q2-update.win32_1.4.0.202007081208/tools/bin/../lib/gcc/arm-none-eabi/7.3.1/../../../../arm-none-eabi/lib/thumb/v7e-m/fpv5/hard\libc_nano.a(lib_a-findfp.o)
 .text._cleanup_r
                0x0000000008001e14        0xc c:/st/stm32cubeide_1.4.0/stm32cubeide/plugins/com.st.stm32cube.ide.mcu.externaltools.gnu-tools-for-stm32.7-2018-q2-update.win32_1.4.0.202007081208/tools/bin/../lib/gcc/arm-none-eabi/7.3.1/../../../../arm-none-eabi/lib/thumb/v7e-m/fpv5/hard\libc_nano.a(lib_a-findfp.o)
                0x0000000008001e14                _cleanup_r
 .text.__sfmoreglue
                0x0000000008001e20       0x2c c:/st/stm32cubeide_1.4.0/stm32cubeide/plugins/com.st.stm32cube.ide.mcu.externaltools.gnu-tools-for-stm32.7-2018-q2-update.win32_1.4.0.202007081208/tools/bin/../lib/gcc/arm-none-eabi/7.3.1/../../../../arm-none-eabi/lib/thumb/v7e-m/fpv5/hard\libc_nano.a(lib_a-findfp.o)
                0x0000000008001e20                __sfmoreglue
 .text.__sinit  0x0000000008001e4c       0x60 c:/st/stm32cubeide_1.4.0/stm32cubeide/plugins/com.st.stm32cube.ide.mcu.externaltools.gnu-tools-for-stm32.7-2018-q2-update.win32_1.4.0.202007081208/tools/bin/../lib/gcc/arm-none-eabi/7.3.1/../../../../arm-none-eabi/lib/thumb/v7e-m/fpv5/hard\libc_nano.a(lib_a-findfp.o)
                0x0000000008001e4c                __sinit
 .text.__sfp    0x0000000008001eac       0x78 c:/st/stm32cubeide_1.4.0/stm32cubeide/plugins/com.st.stm32cube.ide.mcu.externaltools.gnu-tools-for-stm32.7-2018-q2-update.win32_1.4.0.202007081208/tools/bin/../lib/gcc/arm-none-eabi/7.3.1/../../../../arm-none-eabi/lib/thumb/v7e-m/fpv5/hard\libc_nano.a(lib_a-findfp.o)
                0x0000000008001eac                __sfp
 .text._fwalk_reent
                0x0000000008001f24       0x3c c:/st/stm32cubeide_1.4.0/stm32cubeide/plugins/com.st.stm32cube.ide.mcu.externaltools.gnu-tools-for-stm32.7-2018-q2-update.win32_1.4.0.202007081208/tools/bin/../lib/gcc/arm-none-eabi/7.3.1/../../../../arm-none-eabi/lib/thumb/v7e-m/fpv5/hard\libc_nano.a(lib_a-fwalk.o)
                0x0000000008001f24                _fwalk_reent
 .text.__libc_init_array
                0x0000000008001f60       0x48 c:/st/stm32cubeide_1.4.0/stm32cubeide/plugins/com.st.stm32cube.ide.mcu.externaltools.gnu-tools-for-stm32.7-2018-q2-update.win32_1.4.0.202007081208/tools/bin/../lib/gcc/arm-none-eabi/7.3.1/../../../../arm-none-eabi/lib/thumb/v7e-m/fpv5/hard\libc_nano.a(lib_a-init.o)
                0x0000000008001f60                __libc_init_array
 .text.malloc   0x0000000008001fa8       0x10 c:/st/stm32cubeide_1.4.0/stm32cubeide/plugins/com.st.stm32cube.ide.mcu.externaltools.gnu-tools-for-stm32.7-2018-q2-update.win32_1.4.0.202007081208/tools/bin/../lib/gcc/arm-none-eabi/7.3.1/../../../../arm-none-eabi/lib/thumb/v7e-m/fpv5/hard\libc_nano.a(lib_a-malloc.o)
                0x0000000008001fa8                malloc
 .text.memset   0x0000000008001fb8       0x10 c:/st/stm32cubeide_1.4.0/stm32cubeide/plugins/com.st.stm32cube.ide.mcu.externaltools.gnu-tools-for-stm32.7-2018-q2-update.win32_1.4.0.202007081208/tools/bin/../lib/gcc/arm-none-eabi/7.3.1/../../../../arm-none-eabi/lib/thumb/v7e-m/fpv5/hard\libc_nano.a(lib_a-memset.o)
                0x0000000008001fb8                memset
 .text._free_r  0x0000000008001fc8       0x9c c:/st/stm32cubeide_1.4.0/stm32cubeide/plugins/com.st.stm32cube.ide.mcu.externaltools.gnu-tools-for-stm32.7-2018-q2-update.win32_1.4.0.202007081208/tools/bin/../lib/gcc/arm-none-eabi/7.3.1/../../../../arm-none-eabi/lib/thumb/v7e-m/fpv5/hard\libc_nano.a(lib_a-nano-freer.o)
                0x0000000008001fc8                _free_r
 .text._malloc_r
                0x0000000008002064       0xb4 c:/st/stm32cubeide_1.4.0/stm32cubeide/plugins/com.st.stm32cube.ide.mcu.externaltools.gnu-tools-for-stm32.7-2018-q2-update.win32_1.4.0.202007081208/tools/bin/../lib/gcc/arm-none-eabi/7.3.1/../../../../arm-none-eabi/lib/thumb/v7e-m/fpv5/hard\libc_nano.a(lib_a-nano-mallocr.o)
                0x0000000008002064                _malloc_r
 .text.printf   0x0000000008002118       0x30 c:/st/stm32cubeide_1.4.0/stm32cubeide/plugins/com.st.stm32cube.ide.mcu.externaltools.gnu-tools-for-stm32.7-2018-q2-update.win32_1.4.0.202007081208/tools/bin/../lib/gcc/arm-none-eabi/7.3.1/../../../../arm-none-eabi/lib/thumb/v7e-m/fpv5/hard\libc_nano.a(lib_a-printf.o)
                0x0000000008002118                iprintf
                0x0000000008002118                printf
 .text._puts_r  0x0000000008002148       0xb8 c:/st/stm32cubeide_1.4.0/stm32cubeide/plugins/com.st.stm32cube.ide.mcu.externaltools.gnu-tools-for-stm32.7-2018-q2-update.win32_1.4.0.202007081208/tools/bin/../lib/gcc/arm-none-eabi/7.3.1/../../../../arm-none-eabi/lib/thumb/v7e-m/fpv5/hard\libc_nano.a(lib_a-puts.o)
                0x0000000008002148                _puts_r
 .text.puts     0x0000000008002200       0x10 c:/st/stm32cubeide_1.4.0/stm32cubeide/plugins/com.st.stm32cube.ide.mcu.externaltools.gnu-tools-for-stm32.7-2018-q2-update.win32_1.4.0.202007081208/tools/bin/../lib/gcc/arm-none-eabi/7.3.1/../../../../arm-none-eabi/lib/thumb/v7e-m/fpv5/hard\libc_nano.a(lib_a-puts.o)
                0x0000000008002200                puts
 .text._sbrk_r  0x0000000008002210       0x20 c:/st/stm32cubeide_1.4.0/stm32cubeide/plugins/com.st.stm32cube.ide.mcu.externaltools.gnu-tools-for-stm32.7-2018-q2-update.win32_1.4.0.202007081208/tools/bin/../lib/gcc/arm-none-eabi/7.3.1/../../../../arm-none-eabi/lib/thumb/v7e-m/fpv5/hard\libc_nano.a(lib_a-sbrkr.o)
                0x0000000008002210                _sbrk_r
 .text.__sread  0x0000000008002230       0x22 c:/st/stm32cubeide_1.4.0/stm32cubeide/plugins/com.st.stm32cube.ide.mcu.externaltools.gnu-tools-for-stm32.7-2018-q2-update.win32_1.4.0.202007081208/tools/bin/../lib/gcc/arm-none-eabi/7.3.1/../../../../arm-none-eabi/lib/thumb/v7e-m/fpv5/hard\libc_nano.a(lib_a-stdio.o)
                0x0000000008002230                __sread
 .text.__swrite
                0x0000000008002252       0x38 c:/st/stm32cubeide_1.4.0/stm32cubeide/plugins/com.st.stm32cube.ide.mcu.externaltools.gnu-tools-for-stm32.7-2018-q2-update.win32_1.4.0.202007081208/tools/bin/../lib/gcc/arm-none-eabi/7.3.1/../../../../arm-none-eabi/lib/thumb/v7e-m/fpv5/hard\libc_nano.a(lib_a-stdio.o)
                0x0000000008002252                __swrite
 .text.__sseek  0x000000000800228a       0x24 c:/st/stm32cubeide_1.4.0/stm32cubeide/plugins/com.st.stm32cube.ide.mcu.externaltools.gnu-tools-for-stm32.7-2018-q2-update.win32_1.4.0.202007081208/tools/bin/../lib/gcc/arm-none-eabi/7.3.1/../../../../arm-none-eabi/lib/thumb/v7e-m/fpv5/hard\libc_nano.a(lib_a-stdio.o)
                0x000000000800228a                __sseek
 .text.__sclose
                0x00000000080022ae        0x8 c:/st/stm32cubeide_1.4.0/stm32cubeide/plugins/com.st.stm32cube.ide.mcu.externaltools.gnu-tools-for-stm32.7-2018-q2-update.win32_1.4.0.202007081208/tools/bin/../lib/gcc/arm-none-eabi/7.3.1/../../../../arm-none-eabi/lib/thumb/v7e-m/fpv5/hard\libc_nano.a(lib_a-stdio.o)
                0x00000000080022ae                __sclose
 *fill*         0x00000000080022b6        0x2 
 .text.__swbuf_r
                0x00000000080022b8       0xa4 c:/st/stm32cubeide_1.4.0/stm32cubeide/plugins/com.st.stm32cube.ide.mcu.externaltools.gnu-tools-for-stm32.7-2018-q2-update.win32_1.4.0.202007081208/tools/bin/../lib/gcc/arm-none-eabi/7.3.1/../../../../arm-none-eabi/lib/thumb/v7e-m/fpv5/hard\libc_nano.a(lib_a-wbuf.o)
                0x00000000080022b8                __swbuf_r
 .text._write_r
                0x000000000800235c       0x24 c:/st/stm32cubeide_1.4.0/stm32cubeide/plugins/com.st.stm32cube.ide.mcu.externaltools.gnu-tools-for-stm32.7-2018-q2-update.win32_1.4.0.202007081208/tools/bin/../lib/gcc/arm-none-eabi/7.3.1/../../../../arm-none-eabi/lib/thumb/v7e-m/fpv5/hard\libc_nano.a(lib_a-writer.o)
                0x000000000800235c                _write_r
 .text.__swsetup_r
                0x0000000008002380       0xdc c:/st/stm32cubeide_1.4.0/stm32cubeide/plugins/com.st.stm32cube.ide.mcu.externaltools.gnu-tools-for-stm32.7-2018-q2-update.win32_1.4.0.202007081208/tools/bin/../lib/gcc/arm-none-eabi/7.3.1/../../../../arm-none-eabi/lib/thumb/v7e-m/fpv5/hard\libc_nano.a(lib_a-wsetup.o)
                0x0000000008002380                __swsetup_r
 .text._close_r
                0x000000000800245c       0x20 c:/st/stm32cubeide_1.4.0/stm32cubeide/plugins/com.st.stm32cube.ide.mcu.externaltools.gnu-tools-for-stm32.7-2018-q2-update.win32_1.4.0.202007081208/tools/bin/../lib/gcc/arm-none-eabi/7.3.1/../../../../arm-none-eabi/lib/thumb/v7e-m/fpv5/hard\libc_nano.a(lib_a-closer.o)
                0x000000000800245c                _close_r
 .text._lseek_r
                0x000000000800247c       0x24 c:/st/stm32cubeide_1.4.0/stm32cubeide/plugins/com.st.stm32cube.ide.mcu.externaltools.gnu-tools-for-stm32.7-2018-q2-update.win32_1.4.0.202007081208/tools/bin/../lib/gcc/arm-none-eabi/7.3.1/../../../../arm-none-eabi/lib/thumb/v7e-m/fpv5/hard\libc_nano.a(lib_a-lseekr.o)
                0x000000000800247c                _lseek_r
 .text.__swhatbuf_r
                0x00000000080024a0       0x48 c:/st/stm32cubeide_1.4.0/stm32cubeide/plugins/com.st.stm32cube.ide.mcu.externaltools.gnu-tools-for-stm32.7-2018-q2-update.win32_1.4.0.202007081208/tools/bin/../lib/gcc/arm-none-eabi/7.3.1/../../../../arm-none-eabi/lib/thumb/v7e-m/fpv5/hard\libc_nano.a(lib_a-makebuf.o)
                0x00000000080024a0                __swhatbuf_r
 .text.__smakebuf_r
                0x00000000080024e8       0x80 c:/st/stm32cubeide_1.4.0/stm32cubeide/plugins/com.st.stm32cube.ide.mcu.externaltools.gnu-tools-for-stm32.7-2018-q2-update.win32_1.4.0.202007081208/tools/bin/../lib/gcc/arm-none-eabi/7.3.1/../../../../arm-none-eabi/lib/thumb/v7e-m/fpv5/hard\libc_nano.a(lib_a-makebuf.o)
                0x00000000080024e8                __smakebuf_r
 .text.__malloc_lock
                0x0000000008002568        0x2 c:/st/stm32cubeide_1.4.0/stm32cubeide/plugins/com.st.stm32cube.ide.mcu.externaltools.gnu-tools-for-stm32.7-2018-q2-update.win32_1.4.0.202007081208/tools/bin/../lib/gcc/arm-none-eabi/7.3.1/../../../../arm-none-eabi/lib/thumb/v7e-m/fpv5/hard\libc_nano.a(lib_a-mlock.o)
                0x0000000008002568                __malloc_lock
 .text.__malloc_unlock
                0x000000000800256a        0x2 c:/st/stm32cubeide_1.4.0/stm32cubeide/plugins/com.st.stm32cube.ide.mcu.externaltools.gnu-tools-for-stm32.7-2018-q2-update.win32_1.4.0.202007081208/tools/bin/../lib/gcc/arm-none-eabi/7.3.1/../../../../arm-none-eabi/lib/thumb/v7e-m/fpv5/hard\libc_nano.a(lib_a-mlock.o)
                0x000000000800256a                __malloc_unlock
 .text.__sfputc_r
                0x000000000800256c       0x2e c:/st/stm32cubeide_1.4.0/stm32cubeide/plugins/com.st.stm32cube.ide.mcu.externaltools.gnu-tools-for-stm32.7-2018-q2-update.win32_1.4.0.202007081208/tools/bin/../lib/gcc/arm-none-eabi/7.3.1/../../../../arm-none-eabi/lib/thumb/v7e-m/fpv5/hard\libc_nano.a(lib_a-nano-vfprintf.o)
 .text.__sfputs_r
                0x000000000800259a       0x24 c:/st/stm32cubeide_1.4.0/stm32cubeide/plugins/com.st.stm32cube.ide.mcu.externaltools.gnu-tools-for-stm32.7-2018-q2-update.win32_1.4.0.202007081208/tools/bin/../lib/gcc/arm-none-eabi/7.3.1/../../../../arm-none-eabi/lib/thumb/v7e-m/fpv5/hard\libc_nano.a(lib_a-nano-vfprintf.o)
                0x000000000800259a                __sfputs_r
 *fill*         0x00000000080025be        0x2 
 .text._vfprintf_r
                0x00000000080025c0      0x22c c:/st/stm32cubeide_1.4.0/stm32cubeide/plugins/com.st.stm32cube.ide.mcu.externaltools.gnu-tools-for-stm32.7-2018-q2-update.win32_1.4.0.202007081208/tools/bin/../lib/gcc/arm-none-eabi/7.3.1/../../../../arm-none-eabi/lib/thumb/v7e-m/fpv5/hard\libc_nano.a(lib_a-nano-vfprintf.o)
                0x00000000080025c0                _vfprintf_r
                0x00000000080025c0                _vfiprintf_r
 .text._printf_common
                0x00000000080027ec       0xea c:/st/stm32cubeide_1.4.0/stm32cubeide/plugins/com.st.stm32cube.ide.mcu.externaltools.gnu-tools-for-stm32.7-2018-q2-update.win32_1.4.0.202007081208/tools/bin/../lib/gcc/arm-none-eabi/7.3.1/../../../../arm-none-eabi/lib/thumb/v7e-m/fpv5/hard\libc_nano.a(lib_a-nano-vfprintf_i.o)
                0x00000000080027ec                _printf_common
 *fill*         0x00000000080028d6        0x2 
 .text._printf_i
                0x00000000080028d8      0x224 c:/st/stm32cubeide_1.4.0/stm32cubeide/plugins/com.st.stm32cube.ide.mcu.externaltools.gnu-tools-for-stm32.7-2018-q2-update.win32_1.4.0.202007081208/tools/bin/../lib/gcc/arm-none-eabi/7.3.1/../../../../arm-none-eabi/lib/thumb/v7e-m/fpv5/hard\libc_nano.a(lib_a-nano-vfprintf_i.o)
                0x00000000080028d8                _printf_i
 .text._read_r  0x0000000008002afc       0x24 c:/st/stm32cubeide_1.4.0/stm32cubeide/plugins/com.st.stm32cube.ide.mcu.externaltools.gnu-tools-for-stm32.7-2018-q2-update.win32_1.4.0.202007081208/tools/bin/../lib/gcc/arm-none-eabi/7.3.1/../../../../arm-none-eabi/lib/thumb/v7e-m/fpv5/hard\libc_nano.a(lib_a-readr.o)
                0x0000000008002afc                _read_r
 .text._fstat_r
                0x0000000008002b20       0x24 c:/st/stm32cubeide_1.4.0/stm32cubeide/plugins/com.st.stm32cube.ide.mcu.externaltools.gnu-tools-for-stm32.7-2018-q2-update.win32_1.4.0.202007081208/tools/bin/../lib/gcc/arm-none-eabi/7.3.1/../../../../arm-none-eabi/lib/thumb/v7e-m/fpv5/hard\libc_nano.a(lib_a-fstatr.o)
                0x0000000008002b20                _fstat_r
 .text._isatty_r
                0x0000000008002b44       0x20 c:/st/stm32cubeide_1.4.0/stm32cubeide/plugins/com.st.stm32cube.ide.mcu.externaltools.gnu-tools-for-stm32.7-2018-q2-update.win32_1.4.0.202007081208/tools/bin/../lib/gcc/arm-none-eabi/7.3.1/../../../../arm-none-eabi/lib/thumb/v7e-m/fpv5/hard\libc_nano.a(lib_a-isattyr.o)
                0x0000000008002b44                _isatty_r
 .text._close   0x0000000008002b64       0x10 c:/st/stm32cubeide_1.4.0/stm32cubeide/plugins/com.st.stm32cube.ide.mcu.externaltools.gnu-tools-for-stm32.7-2018-q2-update.win32_1.4.0.202007081208/tools/bin/../lib/gcc/arm-none-eabi/7.3.1/../../../../arm-none-eabi/lib/thumb/v7e-m/fpv5/hard\libnosys.a(close.o)
                0x0000000008002b64                _close
 .text._fstat   0x0000000008002b74       0x10 c:/st/stm32cubeide_1.4.0/stm32cubeide/plugins/com.st.stm32cube.ide.mcu.externaltools.gnu-tools-for-stm32.7-2018-q2-update.win32_1.4.0.202007081208/tools/bin/../lib/gcc/arm-none-eabi/7.3.1/../../../../arm-none-eabi/lib/thumb/v7e-m/fpv5/hard\libnosys.a(fstat.o)
                0x0000000008002b74                _fstat
 .text._isatty  0x0000000008002b84       0x10 c:/st/stm32cubeide_1.4.0/stm32cubeide/plugins/com.st.stm32cube.ide.mcu.externaltools.gnu-tools-for-stm32.7-2018-q2-update.win32_1.4.0.202007081208/tools/bin/../lib/gcc/arm-none-eabi/7.3.1/../../../../arm-none-eabi/lib/thumb/v7e-m/fpv5/hard\libnosys.a(isatty.o)
                0x0000000008002b84                _isatty
 .text._lseek   0x0000000008002b94       0x10 c:/st/stm32cubeide_1.4.0/stm32cubeide/plugins/com.st.stm32cube.ide.mcu.externaltools.gnu-tools-for-stm32.7-2018-q2-update.win32_1.4.0.202007081208/tools/bin/../lib/gcc/arm-none-eabi/7.3.1/../../../../arm-none-eabi/lib/thumb/v7e-m/fpv5/hard\libnosys.a(lseek.o)
                0x0000000008002b94                _lseek
 .text._sbrk    0x0000000008002ba4       0x1c c:/st/stm32cubeide_1.4.0/stm32cubeide/plugins/com.st.stm32cube.ide.mcu.externaltools.gnu-tools-for-stm32.7-2018-q2-update.win32_1.4.0.202007081208/tools/bin/../lib/gcc/arm-none-eabi/7.3.1/../../../../arm-none-eabi/lib/thumb/v7e-m/fpv5/hard\libnosys.a(sbrk.o)
                0x0000000008002ba4                _sbrk
 *(.glue_7)
 .glue_7        0x0000000008002bc0        0x0 linker stubs
 *(.glue_7t)
 .glue_7t       0x0000000008002bc0        0x0 linker stubs
 *(.eh_frame)
 .eh_frame      0x0000000008002bc0        0x0 c:/st/stm32cubeide_1.4.0/stm32cubeide/plugins/com.st.stm32cube.ide.mcu.externaltools.gnu-tools-for-stm32.7-2018-q2-update.win32_1.4.0.202007081208/tools/bin/../lib/gcc/arm-none-eabi/7.3.1/thumb/v7e-m/fpv5/hard/crtbegin.o
 *(.init)
 .init          0x0000000008002bc0        0x4 c:/st/stm32cubeide_1.4.0/stm32cubeide/plugins/com.st.stm32cube.ide.mcu.externaltools.gnu-tools-for-stm32.7-2018-q2-update.win32_1.4.0.202007081208/tools/bin/../lib/gcc/arm-none-eabi/7.3.1/thumb/v7e-m/fpv5/hard/crti.o
                0x0000000008002bc0                _init
 .init          0x0000000008002bc4        0x8 c:/st/stm32cubeide_1.4.0/stm32cubeide/plugins/com.st.stm32cube.ide.mcu.externaltools.gnu-tools-for-stm32.7-2018-q2-update.win32_1.4.0.202007081208/tools/bin/../lib/gcc/arm-none-eabi/7.3.1/thumb/v7e-m/fpv5/hard/crtn.o
 *(.fini)
 .fini          0x0000000008002bcc        0x4 c:/st/stm32cubeide_1.4.0/stm32cubeide/plugins/com.st.stm32cube.ide.mcu.externaltools.gnu-tools-for-stm32.7-2018-q2-update.win32_1.4.0.202007081208/tools/bin/../lib/gcc/arm-none-eabi/7.3.1/thumb/v7e-m/fpv5/hard/crti.o
                0x0000000008002bcc                _fini
 .fini          0x0000000008002bd0        0x8 c:/st/stm32cubeide_1.4.0/stm32cubeide/plugins/com.st.stm32cube.ide.mcu.externaltools.gnu-tools-for-stm32.7-2018-q2-update.win32_1.4.0.202007081208/tools/bin/../lib/gcc/arm-none-eabi/7.3.1/thumb/v7e-m/fpv5/hard/crtn.o
                0x0000000008002bd8                . = ALIGN (0x4)
                0x0000000008002bd8                _etext = .

.vfp11_veneer   0x0000000008002bd8        0x0
 .vfp11_veneer  0x0000000008002bd8        0x0 linker stubs

.v4_bx          0x0000000008002bd8        0x0
 .v4_bx         0x0000000008002bd8        0x0 linker stubs

.iplt           0x0000000008002bd8        0x0
 .iplt          0x0000000008002bd8        0x0 c:/st/stm32cubeide_1.4.0/stm32cubeide/plugins/com.st.stm32cube.ide.mcu.externaltools.gnu-tools-for-stm32.7-2018-q2-update.win32_1.4.0.202007081208/tools/bin/../lib/gcc/arm-none-eabi/7.3.1/thumb/v7e-m/fpv5/hard/crtbegin.o

.rodata         0x0000000008002bd8      0x280
                0x0000000008002bd8                . = ALIGN (0x4)
 *(.rodata)
 .rodata        0x0000000008002bd8       0x18 stm32lib/CMSIS/Device/ST/STM32F7xx/Source/Templates/system_stm32f7xx.o
                0x0000000008002bd8                AHBPrescTable
                0x0000000008002be8                APBPrescTable
 *(.rodata*)
 .rodata.str1.4
                0x0000000008002bf0      0x1d0 src/main.o
                                        0x1ce (size before relaxing)
 .rodata.__sf_fake_stderr
                0x0000000008002dc0       0x20 c:/st/stm32cubeide_1.4.0/stm32cubeide/plugins/com.st.stm32cube.ide.mcu.externaltools.gnu-tools-for-stm32.7-2018-q2-update.win32_1.4.0.202007081208/tools/bin/../lib/gcc/arm-none-eabi/7.3.1/../../../../arm-none-eabi/lib/thumb/v7e-m/fpv5/hard\libc_nano.a(lib_a-findfp.o)
                0x0000000008002dc0                __sf_fake_stderr
 .rodata.__sf_fake_stdin
                0x0000000008002de0       0x20 c:/st/stm32cubeide_1.4.0/stm32cubeide/plugins/com.st.stm32cube.ide.mcu.externaltools.gnu-tools-for-stm32.7-2018-q2-update.win32_1.4.0.202007081208/tools/bin/../lib/gcc/arm-none-eabi/7.3.1/../../../../arm-none-eabi/lib/thumb/v7e-m/fpv5/hard\libc_nano.a(lib_a-findfp.o)
                0x0000000008002de0                __sf_fake_stdin
 .rodata.__sf_fake_stdout
                0x0000000008002e00       0x20 c:/st/stm32cubeide_1.4.0/stm32cubeide/plugins/com.st.stm32cube.ide.mcu.externaltools.gnu-tools-for-stm32.7-2018-q2-update.win32_1.4.0.202007081208/tools/bin/../lib/gcc/arm-none-eabi/7.3.1/../../../../arm-none-eabi/lib/thumb/v7e-m/fpv5/hard\libc_nano.a(lib_a-findfp.o)
                0x0000000008002e00                __sf_fake_stdout
 .rodata._global_impure_ptr
                0x0000000008002e20        0x4 c:/st/stm32cubeide_1.4.0/stm32cubeide/plugins/com.st.stm32cube.ide.mcu.externaltools.gnu-tools-for-stm32.7-2018-q2-update.win32_1.4.0.202007081208/tools/bin/../lib/gcc/arm-none-eabi/7.3.1/../../../../arm-none-eabi/lib/thumb/v7e-m/fpv5/hard\libc_nano.a(lib_a-impure.o)
                0x0000000008002e20                _global_impure_ptr
 .rodata._vfprintf_r.str1.1
                0x0000000008002e24       0x11 c:/st/stm32cubeide_1.4.0/stm32cubeide/plugins/com.st.stm32cube.ide.mcu.externaltools.gnu-tools-for-stm32.7-2018-q2-update.win32_1.4.0.202007081208/tools/bin/../lib/gcc/arm-none-eabi/7.3.1/../../../../arm-none-eabi/lib/thumb/v7e-m/fpv5/hard\libc_nano.a(lib_a-nano-vfprintf.o)
 .rodata._printf_i.str1.1
                0x0000000008002e35       0x22 c:/st/stm32cubeide_1.4.0/stm32cubeide/plugins/com.st.stm32cube.ide.mcu.externaltools.gnu-tools-for-stm32.7-2018-q2-update.win32_1.4.0.202007081208/tools/bin/../lib/gcc/arm-none-eabi/7.3.1/../../../../arm-none-eabi/lib/thumb/v7e-m/fpv5/hard\libc_nano.a(lib_a-nano-vfprintf_i.o)
                0x0000000008002e58                . = ALIGN (0x4)
 *fill*         0x0000000008002e57        0x1 

.ARM.extab      0x0000000008002e58        0x0
                0x0000000008002e58                . = ALIGN (0x4)
 *(.ARM.extab* .gnu.linkonce.armextab.*)
                0x0000000008002e58                . = ALIGN (0x4)

.ARM            0x0000000008002e58        0x8
                0x0000000008002e58                . = ALIGN (0x4)
                0x0000000008002e58                __exidx_start = .
 *(.ARM.exidx*)
 .ARM.exidx     0x0000000008002e58        0x8 c:/st/stm32cubeide_1.4.0/stm32cubeide/plugins/com.st.stm32cube.ide.mcu.externaltools.gnu-tools-for-stm32.7-2018-q2-update.win32_1.4.0.202007081208/tools/bin/../lib/gcc/arm-none-eabi/7.3.1/thumb/v7e-m/fpv5/hard\libgcc.a(_udivmoddi4.o)
                0x0000000008002e60                __exidx_end = .
                0x0000000008002e60                . = ALIGN (0x4)

.rel.dyn        0x0000000008002e60        0x0
 .rel.iplt      0x0000000008002e60        0x0 c:/st/stm32cubeide_1.4.0/stm32cubeide/plugins/com.st.stm32cube.ide.mcu.externaltools.gnu-tools-for-stm32.7-2018-q2-update.win32_1.4.0.202007081208/tools/bin/../lib/gcc/arm-none-eabi/7.3.1/thumb/v7e-m/fpv5/hard/crtbegin.o

.preinit_array  0x0000000008002e60        0x0
                0x0000000008002e60                . = ALIGN (0x4)
                0x0000000008002e60                PROVIDE (__preinit_array_start = .)
 *(.preinit_array*)
                0x0000000008002e60                PROVIDE (__preinit_array_end = .)
                0x0000000008002e60                . = ALIGN (0x4)

.init_array     0x0000000008002e60        0x4
                0x0000000008002e60                . = ALIGN (0x4)
                0x0000000008002e60                PROVIDE (__init_array_start = .)
 *(SORT_BY_NAME(.init_array.*))
 *(.init_array*)
 .init_array    0x0000000008002e60        0x4 c:/st/stm32cubeide_1.4.0/stm32cubeide/plugins/com.st.stm32cube.ide.mcu.externaltools.gnu-tools-for-stm32.7-2018-q2-update.win32_1.4.0.202007081208/tools/bin/../lib/gcc/arm-none-eabi/7.3.1/thumb/v7e-m/fpv5/hard/crtbegin.o
                0x0000000008002e64                PROVIDE (__init_array_end = .)
                0x0000000008002e64                . = ALIGN (0x4)

.fini_array     0x0000000008002e64        0x4
                0x0000000008002e64                . = ALIGN (0x4)
                [!provide]                        PROVIDE (__fini_array_start = .)
 *(SORT_BY_NAME(.fini_array.*))
 *(.fini_array*)
 .fini_array    0x0000000008002e64        0x4 c:/st/stm32cubeide_1.4.0/stm32cubeide/plugins/com.st.stm32cube.ide.mcu.externaltools.gnu-tools-for-stm32.7-2018-q2-update.win32_1.4.0.202007081208/tools/bin/../lib/gcc/arm-none-eabi/7.3.1/thumb/v7e-m/fpv5/hard/crtbegin.o
                [!provide]                        PROVIDE (__fini_array_end = .)
                0x0000000008002e68                . = ALIGN (0x4)
                0x0000000008002e68                _sidata = LOADADDR (.data)

.data           0x0000000020000000       0x70 load address 0x0000000008002e68
                0x0000000020000000                . = ALIGN (0x4)
                0x0000000020000000                _sdata = .
 *(.data)
 .data          0x0000000020000000        0x4 stm32lib/CMSIS/Device/ST/STM32F7xx/Source/Templates/system_stm32f7xx.o
                0x0000000020000000                SystemCoreClock
 .data          0x0000000020000004        0x8 stm32lib/STM32F7xx_HAL_Driver/Src/stm32f7xx_hal.o
                0x0000000020000004                uwTickFreq
                0x0000000020000008                uwTickPrio
 *(.data*)
 .data._impure_ptr
                0x000000002000000c        0x4 c:/st/stm32cubeide_1.4.0/stm32cubeide/plugins/com.st.stm32cube.ide.mcu.externaltools.gnu-tools-for-stm32.7-2018-q2-update.win32_1.4.0.202007081208/tools/bin/../lib/gcc/arm-none-eabi/7.3.1/../../../../arm-none-eabi/lib/thumb/v7e-m/fpv5/hard\libc_nano.a(lib_a-impure.o)
                0x000000002000000c                _impure_ptr
 .data.impure_data
                0x0000000020000010       0x60 c:/st/stm32cubeide_1.4.0/stm32cubeide/plugins/com.st.stm32cube.ide.mcu.externaltools.gnu-tools-for-stm32.7-2018-q2-update.win32_1.4.0.202007081208/tools/bin/../lib/gcc/arm-none-eabi/7.3.1/../../../../arm-none-eabi/lib/thumb/v7e-m/fpv5/hard\libc_nano.a(lib_a-impure.o)
                0x0000000020000070                . = ALIGN (0x4)
                0x0000000020000070                _edata = .

.igot.plt       0x0000000020000070        0x0 load address 0x0000000008002ed8
 .igot.plt      0x0000000020000070        0x0 c:/st/stm32cubeide_1.4.0/stm32cubeide/plugins/com.st.stm32cube.ide.mcu.externaltools.gnu-tools-for-stm32.7-2018-q2-update.win32_1.4.0.202007081208/tools/bin/../lib/gcc/arm-none-eabi/7.3.1/thumb/v7e-m/fpv5/hard/crtbegin.o
                0x0000000020000070                . = ALIGN (0x4)

.bss            0x0000000020000070       0xb0 load address 0x0000000008002ed8
                0x0000000020000070                _sbss = .
                0x0000000020000070                __bss_start__ = _sbss
 *(.bss)
 .bss           0x0000000020000070       0x1c c:/st/stm32cubeide_1.4.0/stm32cubeide/plugins/com.st.stm32cube.ide.mcu.externaltools.gnu-tools-for-stm32.7-2018-q2-update.win32_1.4.0.202007081208/tools/bin/../lib/gcc/arm-none-eabi/7.3.1/thumb/v7e-m/fpv5/hard/crtbegin.o
 *(.bss*)
 .bss.__malloc_free_list
                0x000000002000008c        0x4 c:/st/stm32cubeide_1.4.0/stm32cubeide/plugins/com.st.stm32cube.ide.mcu.externaltools.gnu-tools-for-stm32.7-2018-q2-update.win32_1.4.0.202007081208/tools/bin/../lib/gcc/arm-none-eabi/7.3.1/../../../../arm-none-eabi/lib/thumb/v7e-m/fpv5/hard\libc_nano.a(lib_a-nano-mallocr.o)
                0x000000002000008c                __malloc_free_list
 .bss.__malloc_sbrk_start
                0x0000000020000090        0x4 c:/st/stm32cubeide_1.4.0/stm32cubeide/plugins/com.st.stm32cube.ide.mcu.externaltools.gnu-tools-for-stm32.7-2018-q2-update.win32_1.4.0.202007081208/tools/bin/../lib/gcc/arm-none-eabi/7.3.1/../../../../arm-none-eabi/lib/thumb/v7e-m/fpv5/hard\libc_nano.a(lib_a-nano-mallocr.o)
                0x0000000020000090                __malloc_sbrk_start
 .bss.heap_end.5377
                0x0000000020000094        0x4 c:/st/stm32cubeide_1.4.0/stm32cubeide/plugins/com.st.stm32cube.ide.mcu.externaltools.gnu-tools-for-stm32.7-2018-q2-update.win32_1.4.0.202007081208/tools/bin/../lib/gcc/arm-none-eabi/7.3.1/../../../../arm-none-eabi/lib/thumb/v7e-m/fpv5/hard\libnosys.a(sbrk.o)
 *(COMMON)
 COMMON         0x0000000020000098       0x80 src/init.o
                0x0000000020000098                USB_UART
 COMMON         0x0000000020000118        0x4 stm32lib/STM32F7xx_HAL_Driver/Src/stm32f7xx_hal.o
                0x0000000020000118                uwTick
 COMMON         0x000000002000011c        0x4 c:/st/stm32cubeide_1.4.0/stm32cubeide/plugins/com.st.stm32cube.ide.mcu.externaltools.gnu-tools-for-stm32.7-2018-q2-update.win32_1.4.0.202007081208/tools/bin/../lib/gcc/arm-none-eabi/7.3.1/../../../../arm-none-eabi/lib/thumb/v7e-m/fpv5/hard\libc_nano.a(lib_a-reent.o)
                0x000000002000011c                errno
                0x0000000020000120                . = ALIGN (0x4)
                0x0000000020000120                _ebss = .
                0x0000000020000120                __bss_end__ = _ebss

._user_heap_stack
                0x0000000020000120      0x400 load address 0x0000000008002ed8
                0x0000000020000120                . = ALIGN (0x8)
                0x0000000020000120                PROVIDE (end = .)
                [!provide]                        PROVIDE (_end = .)
                0x0000000020000120                . = (. + _Min_Heap_Size)
                0x0000000020000520                . = (. + _Min_Stack_Size)
 *fill*         0x0000000020000120      0x400 
                0x0000000020000520                . = ALIGN (0x8)

/DISCARD/
 libc.a(*)
 libm.a(*)
 libgcc.a(*)

.ARM.attributes
                0x0000000000000000       0x2e
 *(.ARM.attributes)
 .ARM.attributes
                0x0000000000000000       0x20 c:/st/stm32cubeide_1.4.0/stm32cubeide/plugins/com.st.stm32cube.ide.mcu.externaltools.gnu-tools-for-stm32.7-2018-q2-update.win32_1.4.0.202007081208/tools/bin/../lib/gcc/arm-none-eabi/7.3.1/thumb/v7e-m/fpv5/hard/crti.o
 .ARM.attributes
                0x0000000000000020       0x32 c:/st/stm32cubeide_1.4.0/stm32cubeide/plugins/com.st.stm32cube.ide.mcu.externaltools.gnu-tools-for-stm32.7-2018-q2-update.win32_1.4.0.202007081208/tools/bin/../lib/gcc/arm-none-eabi/7.3.1/thumb/v7e-m/fpv5/hard/crtbegin.o
 .ARM.attributes
                0x0000000000000052       0x37 src/init.o
 .ARM.attributes
                0x0000000000000089       0x37 src/main.o
 .ARM.attributes
                0x00000000000000c0       0x37 src/uart.o
 .ARM.attributes
                0x00000000000000f7       0x21 startup/startup_stm32f769nihx.o
 .ARM.attributes
                0x0000000000000118       0x37 stm32lib/CMSIS/Device/ST/STM32F7xx/Source/Templates/system_stm32f7xx.o
 .ARM.attributes
                0x000000000000014f       0x37 stm32lib/STM32F7xx_HAL_Driver/Src/stm32f7xx_hal.o
 .ARM.attributes
                0x0000000000000186       0x37 stm32lib/STM32F7xx_HAL_Driver/Src/stm32f7xx_hal_cortex.o
 .ARM.attributes
                0x00000000000001bd       0x37 stm32lib/STM32F7xx_HAL_Driver/Src/stm32f7xx_hal_gpio.o
 .ARM.attributes
                0x00000000000001f4       0x37 stm32lib/STM32F7xx_HAL_Driver/Src/stm32f7xx_hal_pwr_ex.o
 .ARM.attributes
                0x000000000000022b       0x37 stm32lib/STM32F7xx_HAL_Driver/Src/stm32f7xx_hal_rcc.o
 .ARM.attributes
                0x0000000000000262       0x37 stm32lib/STM32F7xx_HAL_Driver/Src/stm32f7xx_hal_uart.o
 .ARM.attributes
                0x0000000000000299       0x32 c:/st/stm32cubeide_1.4.0/stm32cubeide/plugins/com.st.stm32cube.ide.mcu.externaltools.gnu-tools-for-stm32.7-2018-q2-update.win32_1.4.0.202007081208/tools/bin/../lib/gcc/arm-none-eabi/7.3.1/../../../../arm-none-eabi/lib/thumb/v7e-m/fpv5/hard\libc_nano.a(lib_a-fflush.o)
 .ARM.attributes
                0x00000000000002cb       0x32 c:/st/stm32cubeide_1.4.0/stm32cubeide/plugins/com.st.stm32cube.ide.mcu.externaltools.gnu-tools-for-stm32.7-2018-q2-update.win32_1.4.0.202007081208/tools/bin/../lib/gcc/arm-none-eabi/7.3.1/../../../../arm-none-eabi/lib/thumb/v7e-m/fpv5/hard\libc_nano.a(lib_a-findfp.o)
 .ARM.attributes
                0x00000000000002fd       0x32 c:/st/stm32cubeide_1.4.0/stm32cubeide/plugins/com.st.stm32cube.ide.mcu.externaltools.gnu-tools-for-stm32.7-2018-q2-update.win32_1.4.0.202007081208/tools/bin/../lib/gcc/arm-none-eabi/7.3.1/../../../../arm-none-eabi/lib/thumb/v7e-m/fpv5/hard\libc_nano.a(lib_a-fwalk.o)
 .ARM.attributes
                0x000000000000032f       0x32 c:/st/stm32cubeide_1.4.0/stm32cubeide/plugins/com.st.stm32cube.ide.mcu.externaltools.gnu-tools-for-stm32.7-2018-q2-update.win32_1.4.0.202007081208/tools/bin/../lib/gcc/arm-none-eabi/7.3.1/../../../../arm-none-eabi/lib/thumb/v7e-m/fpv5/hard\libc_nano.a(lib_a-impure.o)
 .ARM.attributes
                0x0000000000000361       0x32 c:/st/stm32cubeide_1.4.0/stm32cubeide/plugins/com.st.stm32cube.ide.mcu.externaltools.gnu-tools-for-stm32.7-2018-q2-update.win32_1.4.0.202007081208/tools/bin/../lib/gcc/arm-none-eabi/7.3.1/../../../../arm-none-eabi/lib/thumb/v7e-m/fpv5/hard\libc_nano.a(lib_a-init.o)
 .ARM.attributes
                0x0000000000000393       0x32 c:/st/stm32cubeide_1.4.0/stm32cubeide/plugins/com.st.stm32cube.ide.mcu.externaltools.gnu-tools-for-stm32.7-2018-q2-update.win32_1.4.0.202007081208/tools/bin/../lib/gcc/arm-none-eabi/7.3.1/../../../../arm-none-eabi/lib/thumb/v7e-m/fpv5/hard\libc_nano.a(lib_a-malloc.o)
 .ARM.attributes
                0x00000000000003c5       0x32 c:/st/stm32cubeide_1.4.0/stm32cubeide/plugins/com.st.stm32cube.ide.mcu.externaltools.gnu-tools-for-stm32.7-2018-q2-update.win32_1.4.0.202007081208/tools/bin/../lib/gcc/arm-none-eabi/7.3.1/../../../../arm-none-eabi/lib/thumb/v7e-m/fpv5/hard\libc_nano.a(lib_a-memset.o)
 .ARM.attributes
                0x00000000000003f7       0x32 c:/st/stm32cubeide_1.4.0/stm32cubeide/plugins/com.st.stm32cube.ide.mcu.externaltools.gnu-tools-for-stm32.7-2018-q2-update.win32_1.4.0.202007081208/tools/bin/../lib/gcc/arm-none-eabi/7.3.1/../../../../arm-none-eabi/lib/thumb/v7e-m/fpv5/hard\libc_nano.a(lib_a-nano-freer.o)
 .ARM.attributes
                0x0000000000000429       0x32 c:/st/stm32cubeide_1.4.0/stm32cubeide/plugins/com.st.stm32cube.ide.mcu.externaltools.gnu-tools-for-stm32.7-2018-q2-update.win32_1.4.0.202007081208/tools/bin/../lib/gcc/arm-none-eabi/7.3.1/../../../../arm-none-eabi/lib/thumb/v7e-m/fpv5/hard\libc_nano.a(lib_a-nano-mallocr.o)
 .ARM.attributes
                0x000000000000045b       0x32 c:/st/stm32cubeide_1.4.0/stm32cubeide/plugins/com.st.stm32cube.ide.mcu.externaltools.gnu-tools-for-stm32.7-2018-q2-update.win32_1.4.0.202007081208/tools/bin/../lib/gcc/arm-none-eabi/7.3.1/../../../../arm-none-eabi/lib/thumb/v7e-m/fpv5/hard\libc_nano.a(lib_a-printf.o)
 .ARM.attributes
                0x000000000000048d       0x32 c:/st/stm32cubeide_1.4.0/stm32cubeide/plugins/com.st.stm32cube.ide.mcu.externaltools.gnu-tools-for-stm32.7-2018-q2-update.win32_1.4.0.202007081208/tools/bin/../lib/gcc/arm-none-eabi/7.3.1/../../../../arm-none-eabi/lib/thumb/v7e-m/fpv5/hard\libc_nano.a(lib_a-puts.o)
 .ARM.attributes
                0x00000000000004bf       0x32 c:/st/stm32cubeide_1.4.0/stm32cubeide/plugins/com.st.stm32cube.ide.mcu.externaltools.gnu-tools-for-stm32.7-2018-q2-update.win32_1.4.0.202007081208/tools/bin/../lib/gcc/arm-none-eabi/7.3.1/../../../../arm-none-eabi/lib/thumb/v7e-m/fpv5/hard\libc_nano.a(lib_a-sbrkr.o)
 .ARM.attributes
                0x00000000000004f1       0x32 c:/st/stm32cubeide_1.4.0/stm32cubeide/plugins/com.st.stm32cube.ide.mcu.externaltools.gnu-tools-for-stm32.7-2018-q2-update.win32_1.4.0.202007081208/tools/bin/../lib/gcc/arm-none-eabi/7.3.1/../../../../arm-none-eabi/lib/thumb/v7e-m/fpv5/hard\libc_nano.a(lib_a-stdio.o)
 .ARM.attributes
                0x0000000000000523       0x32 c:/st/stm32cubeide_1.4.0/stm32cubeide/plugins/com.st.stm32cube.ide.mcu.externaltools.gnu-tools-for-stm32.7-2018-q2-update.win32_1.4.0.202007081208/tools/bin/../lib/gcc/arm-none-eabi/7.3.1/../../../../arm-none-eabi/lib/thumb/v7e-m/fpv5/hard\libc_nano.a(lib_a-wbuf.o)
 .ARM.attributes
                0x0000000000000555       0x32 c:/st/stm32cubeide_1.4.0/stm32cubeide/plugins/com.st.stm32cube.ide.mcu.externaltools.gnu-tools-for-stm32.7-2018-q2-update.win32_1.4.0.202007081208/tools/bin/../lib/gcc/arm-none-eabi/7.3.1/../../../../arm-none-eabi/lib/thumb/v7e-m/fpv5/hard\libc_nano.a(lib_a-writer.o)
 .ARM.attributes
                0x0000000000000587       0x32 c:/st/stm32cubeide_1.4.0/stm32cubeide/plugins/com.st.stm32cube.ide.mcu.externaltools.gnu-tools-for-stm32.7-2018-q2-update.win32_1.4.0.202007081208/tools/bin/../lib/gcc/arm-none-eabi/7.3.1/../../../../arm-none-eabi/lib/thumb/v7e-m/fpv5/hard\libc_nano.a(lib_a-wsetup.o)
 .ARM.attributes
                0x00000000000005b9       0x32 c:/st/stm32cubeide_1.4.0/stm32cubeide/plugins/com.st.stm32cube.ide.mcu.externaltools.gnu-tools-for-stm32.7-2018-q2-update.win32_1.4.0.202007081208/tools/bin/../lib/gcc/arm-none-eabi/7.3.1/../../../../arm-none-eabi/lib/thumb/v7e-m/fpv5/hard\libc_nano.a(lib_a-closer.o)
 .ARM.attributes
                0x00000000000005eb       0x32 c:/st/stm32cubeide_1.4.0/stm32cubeide/plugins/com.st.stm32cube.ide.mcu.externaltools.gnu-tools-for-stm32.7-2018-q2-update.win32_1.4.0.202007081208/tools/bin/../lib/gcc/arm-none-eabi/7.3.1/../../../../arm-none-eabi/lib/thumb/v7e-m/fpv5/hard\libc_nano.a(lib_a-lseekr.o)
 .ARM.attributes
                0x000000000000061d       0x32 c:/st/stm32cubeide_1.4.0/stm32cubeide/plugins/com.st.stm32cube.ide.mcu.externaltools.gnu-tools-for-stm32.7-2018-q2-update.win32_1.4.0.202007081208/tools/bin/../lib/gcc/arm-none-eabi/7.3.1/../../../../arm-none-eabi/lib/thumb/v7e-m/fpv5/hard\libc_nano.a(lib_a-makebuf.o)
 .ARM.attributes
                0x000000000000064f       0x32 c:/st/stm32cubeide_1.4.0/stm32cubeide/plugins/com.st.stm32cube.ide.mcu.externaltools.gnu-tools-for-stm32.7-2018-q2-update.win32_1.4.0.202007081208/tools/bin/../lib/gcc/arm-none-eabi/7.3.1/../../../../arm-none-eabi/lib/thumb/v7e-m/fpv5/hard\libc_nano.a(lib_a-mlock.o)
 .ARM.attributes
                0x0000000000000681       0x32 c:/st/stm32cubeide_1.4.0/stm32cubeide/plugins/com.st.stm32cube.ide.mcu.externaltools.gnu-tools-for-stm32.7-2018-q2-update.win32_1.4.0.202007081208/tools/bin/../lib/gcc/arm-none-eabi/7.3.1/../../../../arm-none-eabi/lib/thumb/v7e-m/fpv5/hard\libc_nano.a(lib_a-nano-vfprintf.o)
 .ARM.attributes
                0x00000000000006b3       0x32 c:/st/stm32cubeide_1.4.0/stm32cubeide/plugins/com.st.stm32cube.ide.mcu.externaltools.gnu-tools-for-stm32.7-2018-q2-update.win32_1.4.0.202007081208/tools/bin/../lib/gcc/arm-none-eabi/7.3.1/../../../../arm-none-eabi/lib/thumb/v7e-m/fpv5/hard\libc_nano.a(lib_a-nano-vfprintf_i.o)
 .ARM.attributes
                0x00000000000006e5       0x32 c:/st/stm32cubeide_1.4.0/stm32cubeide/plugins/com.st.stm32cube.ide.mcu.externaltools.gnu-tools-for-stm32.7-2018-q2-update.win32_1.4.0.202007081208/tools/bin/../lib/gcc/arm-none-eabi/7.3.1/../../../../arm-none-eabi/lib/thumb/v7e-m/fpv5/hard\libc_nano.a(lib_a-readr.o)
 .ARM.attributes
                0x0000000000000717       0x32 c:/st/stm32cubeide_1.4.0/stm32cubeide/plugins/com.st.stm32cube.ide.mcu.externaltools.gnu-tools-for-stm32.7-2018-q2-update.win32_1.4.0.202007081208/tools/bin/../lib/gcc/arm-none-eabi/7.3.1/../../../../arm-none-eabi/lib/thumb/v7e-m/fpv5/hard\libc_nano.a(lib_a-reent.o)
 .ARM.attributes
                0x0000000000000749       0x32 c:/st/stm32cubeide_1.4.0/stm32cubeide/plugins/com.st.stm32cube.ide.mcu.externaltools.gnu-tools-for-stm32.7-2018-q2-update.win32_1.4.0.202007081208/tools/bin/../lib/gcc/arm-none-eabi/7.3.1/../../../../arm-none-eabi/lib/thumb/v7e-m/fpv5/hard\libc_nano.a(lib_a-fstatr.o)
 .ARM.attributes
                0x000000000000077b       0x32 c:/st/stm32cubeide_1.4.0/stm32cubeide/plugins/com.st.stm32cube.ide.mcu.externaltools.gnu-tools-for-stm32.7-2018-q2-update.win32_1.4.0.202007081208/tools/bin/../lib/gcc/arm-none-eabi/7.3.1/../../../../arm-none-eabi/lib/thumb/v7e-m/fpv5/hard\libc_nano.a(lib_a-isattyr.o)
 .ARM.attributes
                0x00000000000007ad       0x1e c:/st/stm32cubeide_1.4.0/stm32cubeide/plugins/com.st.stm32cube.ide.mcu.externaltools.gnu-tools-for-stm32.7-2018-q2-update.win32_1.4.0.202007081208/tools/bin/../lib/gcc/arm-none-eabi/7.3.1/../../../../arm-none-eabi/lib/thumb/v7e-m/fpv5/hard\libc_nano.a(lib_a-memchr.o)
 .ARM.attributes
                0x00000000000007cb       0x20 c:/st/stm32cubeide_1.4.0/stm32cubeide/plugins/com.st.stm32cube.ide.mcu.externaltools.gnu-tools-for-stm32.7-2018-q2-update.win32_1.4.0.202007081208/tools/bin/../lib/gcc/arm-none-eabi/7.3.1/thumb/v7e-m/fpv5/hard\libgcc.a(_aeabi_uldivmod.o)
 .ARM.attributes
                0x00000000000007eb       0x32 c:/st/stm32cubeide_1.4.0/stm32cubeide/plugins/com.st.stm32cube.ide.mcu.externaltools.gnu-tools-for-stm32.7-2018-q2-update.win32_1.4.0.202007081208/tools/bin/../lib/gcc/arm-none-eabi/7.3.1/thumb/v7e-m/fpv5/hard\libgcc.a(_udivmoddi4.o)
 .ARM.attributes
                0x000000000000081d       0x20 c:/st/stm32cubeide_1.4.0/stm32cubeide/plugins/com.st.stm32cube.ide.mcu.externaltools.gnu-tools-for-stm32.7-2018-q2-update.win32_1.4.0.202007081208/tools/bin/../lib/gcc/arm-none-eabi/7.3.1/thumb/v7e-m/fpv5/hard\libgcc.a(_dvmd_tls.o)
 .ARM.attributes
                0x000000000000083d       0x32 c:/st/stm32cubeide_1.4.0/stm32cubeide/plugins/com.st.stm32cube.ide.mcu.externaltools.gnu-tools-for-stm32.7-2018-q2-update.win32_1.4.0.202007081208/tools/bin/../lib/gcc/arm-none-eabi/7.3.1/../../../../arm-none-eabi/lib/thumb/v7e-m/fpv5/hard\libnosys.a(close.o)
 .ARM.attributes
                0x000000000000086f       0x32 c:/st/stm32cubeide_1.4.0/stm32cubeide/plugins/com.st.stm32cube.ide.mcu.externaltools.gnu-tools-for-stm32.7-2018-q2-update.win32_1.4.0.202007081208/tools/bin/../lib/gcc/arm-none-eabi/7.3.1/../../../../arm-none-eabi/lib/thumb/v7e-m/fpv5/hard\libnosys.a(fstat.o)
 .ARM.attributes
                0x00000000000008a1       0x32 c:/st/stm32cubeide_1.4.0/stm32cubeide/plugins/com.st.stm32cube.ide.mcu.externaltools.gnu-tools-for-stm32.7-2018-q2-update.win32_1.4.0.202007081208/tools/bin/../lib/gcc/arm-none-eabi/7.3.1/../../../../arm-none-eabi/lib/thumb/v7e-m/fpv5/hard\libnosys.a(isatty.o)
 .ARM.attributes
                0x00000000000008d3       0x32 c:/st/stm32cubeide_1.4.0/stm32cubeide/plugins/com.st.stm32cube.ide.mcu.externaltools.gnu-tools-for-stm32.7-2018-q2-update.win32_1.4.0.202007081208/tools/bin/../lib/gcc/arm-none-eabi/7.3.1/../../../../arm-none-eabi/lib/thumb/v7e-m/fpv5/hard\libnosys.a(lseek.o)
 .ARM.attributes
                0x0000000000000905       0x32 c:/st/stm32cubeide_1.4.0/stm32cubeide/plugins/com.st.stm32cube.ide.mcu.externaltools.gnu-tools-for-stm32.7-2018-q2-update.win32_1.4.0.202007081208/tools/bin/../lib/gcc/arm-none-eabi/7.3.1/../../../../arm-none-eabi/lib/thumb/v7e-m/fpv5/hard\libnosys.a(sbrk.o)
 .ARM.attributes
                0x0000000000000937       0x20 c:/st/stm32cubeide_1.4.0/stm32cubeide/plugins/com.st.stm32cube.ide.mcu.externaltools.gnu-tools-for-stm32.7-2018-q2-update.win32_1.4.0.202007081208/tools/bin/../lib/gcc/arm-none-eabi/7.3.1/thumb/v7e-m/fpv5/hard/crtn.o
OUTPUT(lab1.elf elf32-littlearm)

.debug_info     0x0000000000000000     0xa2b8
 .debug_info    0x0000000000000000     0x15f7 src/init.o
 .debug_info    0x00000000000015f7     0x1787 src/main.o
 .debug_info    0x0000000000002d7e     0x15d1 src/uart.o
 .debug_info    0x000000000000434f       0x22 startup/startup_stm32f769nihx.o
 .debug_info    0x0000000000004371      0x742 stm32lib/CMSIS/Device/ST/STM32F7xx/Source/Templates/system_stm32f7xx.o
 .debug_info    0x0000000000004ab3      0xb67 stm32lib/STM32F7xx_HAL_Driver/Src/stm32f7xx_hal.o
 .debug_info    0x000000000000561a     0x11f6 stm32lib/STM32F7xx_HAL_Driver/Src/stm32f7xx_hal_cortex.o
 .debug_info    0x0000000000006810      0x7f6 stm32lib/STM32F7xx_HAL_Driver/Src/stm32f7xx_hal_gpio.o
 .debug_info    0x0000000000007006      0xa48 stm32lib/STM32F7xx_HAL_Driver/Src/stm32f7xx_hal_pwr_ex.o
 .debug_info    0x0000000000007a4e      0xb9e stm32lib/STM32F7xx_HAL_Driver/Src/stm32f7xx_hal_rcc.o
 .debug_info    0x00000000000085ec     0x1ccc stm32lib/STM32F7xx_HAL_Driver/Src/stm32f7xx_hal_uart.o

.debug_abbrev   0x0000000000000000     0x16bb
 .debug_abbrev  0x0000000000000000      0x2ae src/init.o
 .debug_abbrev  0x00000000000002ae      0x2a8 src/main.o
 .debug_abbrev  0x0000000000000556      0x26d src/uart.o
 .debug_abbrev  0x00000000000007c3       0x12 startup/startup_stm32f769nihx.o
 .debug_abbrev  0x00000000000007d5      0x147 stm32lib/CMSIS/Device/ST/STM32F7xx/Source/Templates/system_stm32f7xx.o
 .debug_abbrev  0x000000000000091c      0x1ed stm32lib/STM32F7xx_HAL_Driver/Src/stm32f7xx_hal.o
 .debug_abbrev  0x0000000000000b09      0x328 stm32lib/STM32F7xx_HAL_Driver/Src/stm32f7xx_hal_cortex.o
 .debug_abbrev  0x0000000000000e31      0x1e7 stm32lib/STM32F7xx_HAL_Driver/Src/stm32f7xx_hal_gpio.o
 .debug_abbrev  0x0000000000001018      0x1c0 stm32lib/STM32F7xx_HAL_Driver/Src/stm32f7xx_hal_pwr_ex.o
 .debug_abbrev  0x00000000000011d8      0x296 stm32lib/STM32F7xx_HAL_Driver/Src/stm32f7xx_hal_rcc.o
 .debug_abbrev  0x000000000000146e      0x24d stm32lib/STM32F7xx_HAL_Driver/Src/stm32f7xx_hal_uart.o

.debug_loc      0x0000000000000000     0x2fbd
 .debug_loc     0x0000000000000000       0xd7 src/init.o
 .debug_loc     0x00000000000000d7       0x29 src/main.o
 .debug_loc     0x0000000000000100      0x2f1 src/uart.o
 .debug_loc     0x00000000000003f1      0x13e stm32lib/CMSIS/Device/ST/STM32F7xx/Source/Templates/system_stm32f7xx.o
 .debug_loc     0x000000000000052f      0x11b stm32lib/STM32F7xx_HAL_Driver/Src/stm32f7xx_hal.o
 .debug_loc     0x000000000000064a      0x5c0 stm32lib/STM32F7xx_HAL_Driver/Src/stm32f7xx_hal_cortex.o
 .debug_loc     0x0000000000000c0a      0x481 stm32lib/STM32F7xx_HAL_Driver/Src/stm32f7xx_hal_gpio.o
 .debug_loc     0x000000000000108b      0x198 stm32lib/STM32F7xx_HAL_Driver/Src/stm32f7xx_hal_pwr_ex.o
 .debug_loc     0x0000000000001223      0x4f8 stm32lib/STM32F7xx_HAL_Driver/Src/stm32f7xx_hal_rcc.o
 .debug_loc     0x000000000000171b     0x18a2 stm32lib/STM32F7xx_HAL_Driver/Src/stm32f7xx_hal_uart.o

.debug_aranges  0x0000000000000000      0x648
 .debug_aranges
                0x0000000000000000       0x38 src/init.o
 .debug_aranges
                0x0000000000000038       0x38 src/main.o
 .debug_aranges
                0x0000000000000070       0x58 src/uart.o
 .debug_aranges
                0x00000000000000c8       0x28 startup/startup_stm32f769nihx.o
 .debug_aranges
                0x00000000000000f0       0x28 stm32lib/CMSIS/Device/ST/STM32F7xx/Source/Templates/system_stm32f7xx.o
 .debug_aranges
                0x0000000000000118      0x110 stm32lib/STM32F7xx_HAL_Driver/Src/stm32f7xx_hal.o
 .debug_aranges
                0x0000000000000228       0xa8 stm32lib/STM32F7xx_HAL_Driver/Src/stm32f7xx_hal_cortex.o
 .debug_aranges
                0x00000000000002d0       0x58 stm32lib/STM32F7xx_HAL_Driver/Src/stm32f7xx_hal_gpio.o
 .debug_aranges
                0x0000000000000328       0x80 stm32lib/STM32F7xx_HAL_Driver/Src/stm32f7xx_hal_pwr_ex.o
 .debug_aranges
                0x00000000000003a8       0x88 stm32lib/STM32F7xx_HAL_Driver/Src/stm32f7xx_hal_rcc.o
 .debug_aranges
                0x0000000000000430      0x218 stm32lib/STM32F7xx_HAL_Driver/Src/stm32f7xx_hal_uart.o

.debug_ranges   0x0000000000000000      0x600
 .debug_ranges  0x0000000000000000       0x28 src/init.o
 .debug_ranges  0x0000000000000028       0x28 src/main.o
 .debug_ranges  0x0000000000000050       0x48 src/uart.o
 .debug_ranges  0x0000000000000098       0x20 startup/startup_stm32f769nihx.o
 .debug_ranges  0x00000000000000b8       0x18 stm32lib/CMSIS/Device/ST/STM32F7xx/Source/Templates/system_stm32f7xx.o
 .debug_ranges  0x00000000000000d0      0x100 stm32lib/STM32F7xx_HAL_Driver/Src/stm32f7xx_hal.o
 .debug_ranges  0x00000000000001d0       0xf8 stm32lib/STM32F7xx_HAL_Driver/Src/stm32f7xx_hal_cortex.o
 .debug_ranges  0x00000000000002c8       0x48 stm32lib/STM32F7xx_HAL_Driver/Src/stm32f7xx_hal_gpio.o
 .debug_ranges  0x0000000000000310       0x70 stm32lib/STM32F7xx_HAL_Driver/Src/stm32f7xx_hal_pwr_ex.o
 .debug_ranges  0x0000000000000380       0x78 stm32lib/STM32F7xx_HAL_Driver/Src/stm32f7xx_hal_rcc.o
 .debug_ranges  0x00000000000003f8      0x208 stm32lib/STM32F7xx_HAL_Driver/Src/stm32f7xx_hal_uart.o

.debug_macro    0x0000000000000000    0x2bf98
 .debug_macro   0x0000000000000000      0x353 src/init.o
 .debug_macro   0x0000000000000353      0xa66 src/init.o
 .debug_macro   0x0000000000000db9       0x3b src/init.o
 .debug_macro   0x0000000000000df4       0x22 src/init.o
 .debug_macro   0x0000000000000e16       0x8e src/init.o
 .debug_macro   0x0000000000000ea4       0x51 src/init.o
 .debug_macro   0x0000000000000ef5       0xef src/init.o
 .debug_macro   0x0000000000000fe4       0x6a src/init.o
 .debug_macro   0x000000000000104e      0x1df src/init.o
 .debug_macro   0x000000000000122d       0x1c src/init.o
 .debug_macro   0x0000000000001249       0x22 src/init.o
 .debug_macro   0x000000000000126b       0xdf src/init.o
 .debug_macro   0x000000000000134a     0x12cd src/init.o
 .debug_macro   0x0000000000002617      0x11f src/init.o
 .debug_macro   0x0000000000002736       0x19 src/init.o
 .debug_macro   0x000000000000274f    0x20462 src/init.o
 .debug_macro   0x0000000000022bb1      0x1aa src/init.o
 .debug_macro   0x0000000000022d5b       0x2e src/init.o
 .debug_macro   0x0000000000022d89       0x43 src/init.o
 .debug_macro   0x0000000000022dcc     0x36b4 src/init.o
 .debug_macro   0x0000000000026480      0x174 src/init.o
 .debug_macro   0x00000000000265f4       0x61 src/init.o
 .debug_macro   0x0000000000026655     0x1b3f src/init.o
 .debug_macro   0x0000000000028194      0x6c4 src/init.o
 .debug_macro   0x0000000000028858      0x117 src/init.o
 .debug_macro   0x000000000002896f      0x276 src/init.o
 .debug_macro   0x0000000000028be5       0x27 src/init.o
 .debug_macro   0x0000000000028c0c      0x24f src/init.o
 .debug_macro   0x0000000000028e5b       0x71 src/init.o
 .debug_macro   0x0000000000028ecc       0x58 src/init.o
 .debug_macro   0x0000000000028f24      0x236 src/init.o
 .debug_macro   0x000000000002915a      0x14f src/init.o
 .debug_macro   0x00000000000292a9      0x3dc src/init.o
 .debug_macro   0x0000000000029685       0x12 src/init.o
 .debug_macro   0x0000000000029697      0x12f src/init.o
 .debug_macro   0x00000000000297c6      0x108 src/init.o
 .debug_macro   0x00000000000298ce       0x35 src/init.o
 .debug_macro   0x0000000000029903      0x589 src/init.o
 .debug_macro   0x0000000000029e8c       0x44 src/init.o
 .debug_macro   0x0000000000029ed0      0x15c src/init.o
 .debug_macro   0x000000000002a02c       0x46 src/init.o
 .debug_macro   0x000000000002a072       0x17 src/init.o
 .debug_macro   0x000000000002a089       0x3c src/init.o
 .debug_macro   0x000000000002a0c5       0x34 src/init.o
 .debug_macro   0x000000000002a0f9       0x52 src/init.o
 .debug_macro   0x000000000002a14b       0x1f src/init.o
 .debug_macro   0x000000000002a16a       0x43 src/init.o
 .debug_macro   0x000000000002a1ad       0x20 src/init.o
 .debug_macro   0x000000000002a1cd      0x1a3 src/init.o
 .debug_macro   0x000000000002a370      0x32a src/init.o
 .debug_macro   0x000000000002a69a       0x10 src/init.o
 .debug_macro   0x000000000002a6aa       0x35 src/init.o
 .debug_macro   0x000000000002a6df       0x20 src/init.o
 .debug_macro   0x000000000002a6ff       0x1c src/init.o
 .debug_macro   0x000000000002a71b       0x10 src/init.o
 .debug_macro   0x000000000002a72b       0x10 src/init.o
 .debug_macro   0x000000000002a73b       0x1c src/init.o
 .debug_macro   0x000000000002a757       0x52 src/init.o
 .debug_macro   0x000000000002a7a9       0x40 src/init.o
 .debug_macro   0x000000000002a7e9       0x10 src/init.o
 .debug_macro   0x000000000002a7f9       0x40 src/init.o
 .debug_macro   0x000000000002a839       0xd7 src/init.o
 .debug_macro   0x000000000002a910       0x1c src/init.o
 .debug_macro   0x000000000002a92c       0x3d src/init.o
 .debug_macro   0x000000000002a969       0x16 src/init.o
 .debug_macro   0x000000000002a97f      0x145 src/init.o
 .debug_macro   0x000000000002aac4       0x4c src/init.o
 .debug_macro   0x000000000002ab10      0x36c src/main.o
 .debug_macro   0x000000000002ae7c      0x10b src/main.o
 .debug_macro   0x000000000002af87       0x5b src/main.o
 .debug_macro   0x000000000002afe2      0x349 src/uart.o
 .debug_macro   0x000000000002b32b      0x1b2 stm32lib/CMSIS/Device/ST/STM32F7xx/Source/Templates/system_stm32f7xx.o
 .debug_macro   0x000000000002b4dd      0x1d0 stm32lib/STM32F7xx_HAL_Driver/Src/stm32f7xx_hal.o
 .debug_macro   0x000000000002b6ad      0x1ac stm32lib/STM32F7xx_HAL_Driver/Src/stm32f7xx_hal_cortex.o
 .debug_macro   0x000000000002b859      0x1e2 stm32lib/STM32F7xx_HAL_Driver/Src/stm32f7xx_hal_gpio.o
 .debug_macro   0x000000000002ba3b      0x1c4 stm32lib/STM32F7xx_HAL_Driver/Src/stm32f7xx_hal_pwr_ex.o
 .debug_macro   0x000000000002bbff      0x1d0 stm32lib/STM32F7xx_HAL_Driver/Src/stm32f7xx_hal_rcc.o
 .debug_macro   0x000000000002bdcf      0x1c9 stm32lib/STM32F7xx_HAL_Driver/Src/stm32f7xx_hal_uart.o

.debug_line     0x0000000000000000     0x67dc
 .debug_line    0x0000000000000000      0x9d6 src/init.o
 .debug_line    0x00000000000009d6      0x9c4 src/main.o
 .debug_line    0x000000000000139a      0x9d1 src/uart.o
 .debug_line    0x0000000000001d6b       0x84 startup/startup_stm32f769nihx.o
 .debug_line    0x0000000000001def      0x79e stm32lib/CMSIS/Device/ST/STM32F7xx/Source/Templates/system_stm32f7xx.o
 .debug_line    0x000000000000258d      0x99a stm32lib/STM32F7xx_HAL_Driver/Src/stm32f7xx_hal.o
 .debug_line    0x0000000000002f27      0x9a5 stm32lib/STM32F7xx_HAL_Driver/Src/stm32f7xx_hal_cortex.o
 .debug_line    0x00000000000038cc      0x8e3 stm32lib/STM32F7xx_HAL_Driver/Src/stm32f7xx_hal_gpio.o
 .debug_line    0x00000000000041af      0x88d stm32lib/STM32F7xx_HAL_Driver/Src/stm32f7xx_hal_pwr_ex.o
 .debug_line    0x0000000000004a3c      0xa49 stm32lib/STM32F7xx_HAL_Driver/Src/stm32f7xx_hal_rcc.o
 .debug_line    0x0000000000005485     0x1357 stm32lib/STM32F7xx_HAL_Driver/Src/stm32f7xx_hal_uart.o

.debug_str      0x0000000000000000   0x10a880
 .debug_str     0x0000000000000000   0x107fd0 src/init.o
                                     0x1087a1 (size before relaxing)
 .debug_str     0x0000000000107fd0      0xa45 src/main.o
                                     0x108ebe (size before relaxing)
 .debug_str     0x0000000000108a15       0xae src/uart.o
                                     0x108676 (size before relaxing)
 .debug_str     0x0000000000108ac3       0x31 startup/startup_stm32f769nihx.o
                                         0x64 (size before relaxing)
 .debug_str     0x0000000000108af4       0xc0 stm32lib/CMSIS/Device/ST/STM32F7xx/Source/Templates/system_stm32f7xx.o
                                     0x104083 (size before relaxing)
 .debug_str     0x0000000000108bb4      0xa6d stm32lib/STM32F7xx_HAL_Driver/Src/stm32f7xx_hal.o
                                     0x104a58 (size before relaxing)
 .debug_str     0x0000000000109621      0x364 stm32lib/STM32F7xx_HAL_Driver/Src/stm32f7xx_hal_cortex.o
                                     0x104a57 (size before relaxing)
 .debug_str     0x0000000000109985      0x239 stm32lib/STM32F7xx_HAL_Driver/Src/stm32f7xx_hal_gpio.o
                                     0x10422f (size before relaxing)
 .debug_str     0x0000000000109bbe      0x20d stm32lib/STM32F7xx_HAL_Driver/Src/stm32f7xx_hal_pwr_ex.o
                                     0x1042df (size before relaxing)
 .debug_str     0x0000000000109dcb      0x25c stm32lib/STM32F7xx_HAL_Driver/Src/stm32f7xx_hal_rcc.o
                                     0x1043b4 (size before relaxing)
 .debug_str     0x000000000010a027      0x859 stm32lib/STM32F7xx_HAL_Driver/Src/stm32f7xx_hal_uart.o
                                     0x104c61 (size before relaxing)

.comment        0x0000000000000000       0x7b
 .comment       0x0000000000000000       0x7b src/init.o
                                         0x7c (size before relaxing)
 .comment       0x000000000000007b       0x7c src/main.o
 .comment       0x000000000000007b       0x7c src/uart.o
 .comment       0x000000000000007b       0x7c stm32lib/CMSIS/Device/ST/STM32F7xx/Source/Templates/system_stm32f7xx.o
 .comment       0x000000000000007b       0x7c stm32lib/STM32F7xx_HAL_Driver/Src/stm32f7xx_hal.o
 .comment       0x000000000000007b       0x7c stm32lib/STM32F7xx_HAL_Driver/Src/stm32f7xx_hal_cortex.o
 .comment       0x000000000000007b       0x7c stm32lib/STM32F7xx_HAL_Driver/Src/stm32f7xx_hal_gpio.o
 .comment       0x000000000000007b       0x7c stm32lib/STM32F7xx_HAL_Driver/Src/stm32f7xx_hal_pwr_ex.o
 .comment       0x000000000000007b       0x7c stm32lib/STM32F7xx_HAL_Driver/Src/stm32f7xx_hal_rcc.o
 .comment       0x000000000000007b       0x7c stm32lib/STM32F7xx_HAL_Driver/Src/stm32f7xx_hal_uart.o

.debug_frame    0x0000000000000000     0x177c
 .debug_frame   0x0000000000000000       0x78 src/init.o
 .debug_frame   0x0000000000000078       0x80 src/main.o
 .debug_frame   0x00000000000000f8       0xf4 src/uart.o
 .debug_frame   0x00000000000001ec       0x30 stm32lib/CMSIS/Device/ST/STM32F7xx/Source/Templates/system_stm32f7xx.o
 .debug_frame   0x000000000000021c      0x22c stm32lib/STM32F7xx_HAL_Driver/Src/stm32f7xx_hal.o
 .debug_frame   0x0000000000000448      0x15c stm32lib/STM32F7xx_HAL_Driver/Src/stm32f7xx_hal_cortex.o
 .debug_frame   0x00000000000005a4       0xd8 stm32lib/STM32F7xx_HAL_Driver/Src/stm32f7xx_hal_gpio.o
 .debug_frame   0x000000000000067c      0x134 stm32lib/STM32F7xx_HAL_Driver/Src/stm32f7xx_hal_pwr_ex.o
 .debug_frame   0x00000000000007b0      0x190 stm32lib/STM32F7xx_HAL_Driver/Src/stm32f7xx_hal_rcc.o
 .debug_frame   0x0000000000000940      0x5bc stm32lib/STM32F7xx_HAL_Driver/Src/stm32f7xx_hal_uart.o
 .debug_frame   0x0000000000000efc       0x68 c:/st/stm32cubeide_1.4.0/stm32cubeide/plugins/com.st.stm32cube.ide.mcu.externaltools.gnu-tools-for-stm32.7-2018-q2-update.win32_1.4.0.202007081208/tools/bin/../lib/gcc/arm-none-eabi/7.3.1/../../../../arm-none-eabi/lib/thumb/v7e-m/fpv5/hard\libc_nano.a(lib_a-fflush.o)
 .debug_frame   0x0000000000000f64      0x11c c:/st/stm32cubeide_1.4.0/stm32cubeide/plugins/com.st.stm32cube.ide.mcu.externaltools.gnu-tools-for-stm32.7-2018-q2-update.win32_1.4.0.202007081208/tools/bin/../lib/gcc/arm-none-eabi/7.3.1/../../../../arm-none-eabi/lib/thumb/v7e-m/fpv5/hard\libc_nano.a(lib_a-findfp.o)
 .debug_frame   0x0000000000001080       0x54 c:/st/stm32cubeide_1.4.0/stm32cubeide/plugins/com.st.stm32cube.ide.mcu.externaltools.gnu-tools-for-stm32.7-2018-q2-update.win32_1.4.0.202007081208/tools/bin/../lib/gcc/arm-none-eabi/7.3.1/../../../../arm-none-eabi/lib/thumb/v7e-m/fpv5/hard\libc_nano.a(lib_a-fwalk.o)
 .debug_frame   0x00000000000010d4       0x2c c:/st/stm32cubeide_1.4.0/stm32cubeide/plugins/com.st.stm32cube.ide.mcu.externaltools.gnu-tools-for-stm32.7-2018-q2-update.win32_1.4.0.202007081208/tools/bin/../lib/gcc/arm-none-eabi/7.3.1/../../../../arm-none-eabi/lib/thumb/v7e-m/fpv5/hard\libc_nano.a(lib_a-init.o)
 .debug_frame   0x0000000000001100       0x30 c:/st/stm32cubeide_1.4.0/stm32cubeide/plugins/com.st.stm32cube.ide.mcu.externaltools.gnu-tools-for-stm32.7-2018-q2-update.win32_1.4.0.202007081208/tools/bin/../lib/gcc/arm-none-eabi/7.3.1/../../../../arm-none-eabi/lib/thumb/v7e-m/fpv5/hard\libc_nano.a(lib_a-malloc.o)
 .debug_frame   0x0000000000001130       0x20 c:/st/stm32cubeide_1.4.0/stm32cubeide/plugins/com.st.stm32cube.ide.mcu.externaltools.gnu-tools-for-stm32.7-2018-q2-update.win32_1.4.0.202007081208/tools/bin/../lib/gcc/arm-none-eabi/7.3.1/../../../../arm-none-eabi/lib/thumb/v7e-m/fpv5/hard\libc_nano.a(lib_a-memset.o)
 .debug_frame   0x0000000000001150       0x38 c:/st/stm32cubeide_1.4.0/stm32cubeide/plugins/com.st.stm32cube.ide.mcu.externaltools.gnu-tools-for-stm32.7-2018-q2-update.win32_1.4.0.202007081208/tools/bin/../lib/gcc/arm-none-eabi/7.3.1/../../../../arm-none-eabi/lib/thumb/v7e-m/fpv5/hard\libc_nano.a(lib_a-nano-freer.o)
 .debug_frame   0x0000000000001188       0x2c c:/st/stm32cubeide_1.4.0/stm32cubeide/plugins/com.st.stm32cube.ide.mcu.externaltools.gnu-tools-for-stm32.7-2018-q2-update.win32_1.4.0.202007081208/tools/bin/../lib/gcc/arm-none-eabi/7.3.1/../../../../arm-none-eabi/lib/thumb/v7e-m/fpv5/hard\libc_nano.a(lib_a-nano-mallocr.o)
 .debug_frame   0x00000000000011b4       0x74 c:/st/stm32cubeide_1.4.0/stm32cubeide/plugins/com.st.stm32cube.ide.mcu.externaltools.gnu-tools-for-stm32.7-2018-q2-update.win32_1.4.0.202007081208/tools/bin/../lib/gcc/arm-none-eabi/7.3.1/../../../../arm-none-eabi/lib/thumb/v7e-m/fpv5/hard\libc_nano.a(lib_a-printf.o)
 .debug_frame   0x0000000000001228       0x3c c:/st/stm32cubeide_1.4.0/stm32cubeide/plugins/com.st.stm32cube.ide.mcu.externaltools.gnu-tools-for-stm32.7-2018-q2-update.win32_1.4.0.202007081208/tools/bin/../lib/gcc/arm-none-eabi/7.3.1/../../../../arm-none-eabi/lib/thumb/v7e-m/fpv5/hard\libc_nano.a(lib_a-puts.o)
 .debug_frame   0x0000000000001264       0x2c c:/st/stm32cubeide_1.4.0/stm32cubeide/plugins/com.st.stm32cube.ide.mcu.externaltools.gnu-tools-for-stm32.7-2018-q2-update.win32_1.4.0.202007081208/tools/bin/../lib/gcc/arm-none-eabi/7.3.1/../../../../arm-none-eabi/lib/thumb/v7e-m/fpv5/hard\libc_nano.a(lib_a-sbrkr.o)
 .debug_frame   0x0000000000001290       0x88 c:/st/stm32cubeide_1.4.0/stm32cubeide/plugins/com.st.stm32cube.ide.mcu.externaltools.gnu-tools-for-stm32.7-2018-q2-update.win32_1.4.0.202007081208/tools/bin/../lib/gcc/arm-none-eabi/7.3.1/../../../../arm-none-eabi/lib/thumb/v7e-m/fpv5/hard\libc_nano.a(lib_a-stdio.o)
 .debug_frame   0x0000000000001318       0x40 c:/st/stm32cubeide_1.4.0/stm32cubeide/plugins/com.st.stm32cube.ide.mcu.externaltools.gnu-tools-for-stm32.7-2018-q2-update.win32_1.4.0.202007081208/tools/bin/../lib/gcc/arm-none-eabi/7.3.1/../../../../arm-none-eabi/lib/thumb/v7e-m/fpv5/hard\libc_nano.a(lib_a-wbuf.o)
 .debug_frame   0x0000000000001358       0x2c c:/st/stm32cubeide_1.4.0/stm32cubeide/plugins/com.st.stm32cube.ide.mcu.externaltools.gnu-tools-for-stm32.7-2018-q2-update.win32_1.4.0.202007081208/tools/bin/../lib/gcc/arm-none-eabi/7.3.1/../../../../arm-none-eabi/lib/thumb/v7e-m/fpv5/hard\libc_nano.a(lib_a-writer.o)
 .debug_frame   0x0000000000001384       0x2c c:/st/stm32cubeide_1.4.0/stm32cubeide/plugins/com.st.stm32cube.ide.mcu.externaltools.gnu-tools-for-stm32.7-2018-q2-update.win32_1.4.0.202007081208/tools/bin/../lib/gcc/arm-none-eabi/7.3.1/../../../../arm-none-eabi/lib/thumb/v7e-m/fpv5/hard\libc_nano.a(lib_a-wsetup.o)
 .debug_frame   0x00000000000013b0       0x2c c:/st/stm32cubeide_1.4.0/stm32cubeide/plugins/com.st.stm32cube.ide.mcu.externaltools.gnu-tools-for-stm32.7-2018-q2-update.win32_1.4.0.202007081208/tools/bin/../lib/gcc/arm-none-eabi/7.3.1/../../../../arm-none-eabi/lib/thumb/v7e-m/fpv5/hard\libc_nano.a(lib_a-closer.o)
 .debug_frame   0x00000000000013dc       0x2c c:/st/stm32cubeide_1.4.0/stm32cubeide/plugins/com.st.stm32cube.ide.mcu.externaltools.gnu-tools-for-stm32.7-2018-q2-update.win32_1.4.0.202007081208/tools/bin/../lib/gcc/arm-none-eabi/7.3.1/../../../../arm-none-eabi/lib/thumb/v7e-m/fpv5/hard\libc_nano.a(lib_a-lseekr.o)
 .debug_frame   0x0000000000001408       0x58 c:/st/stm32cubeide_1.4.0/stm32cubeide/plugins/com.st.stm32cube.ide.mcu.externaltools.gnu-tools-for-stm32.7-2018-q2-update.win32_1.4.0.202007081208/tools/bin/../lib/gcc/arm-none-eabi/7.3.1/../../../../arm-none-eabi/lib/thumb/v7e-m/fpv5/hard\libc_nano.a(lib_a-makebuf.o)
 .debug_frame   0x0000000000001460       0x30 c:/st/stm32cubeide_1.4.0/stm32cubeide/plugins/com.st.stm32cube.ide.mcu.externaltools.gnu-tools-for-stm32.7-2018-q2-update.win32_1.4.0.202007081208/tools/bin/../lib/gcc/arm-none-eabi/7.3.1/../../../../arm-none-eabi/lib/thumb/v7e-m/fpv5/hard\libc_nano.a(lib_a-mlock.o)
 .debug_frame   0x0000000000001490       0xac c:/st/stm32cubeide_1.4.0/stm32cubeide/plugins/com.st.stm32cube.ide.mcu.externaltools.gnu-tools-for-stm32.7-2018-q2-update.win32_1.4.0.202007081208/tools/bin/../lib/gcc/arm-none-eabi/7.3.1/../../../../arm-none-eabi/lib/thumb/v7e-m/fpv5/hard\libc_nano.a(lib_a-nano-vfprintf.o)
 .debug_frame   0x000000000000153c       0x60 c:/st/stm32cubeide_1.4.0/stm32cubeide/plugins/com.st.stm32cube.ide.mcu.externaltools.gnu-tools-for-stm32.7-2018-q2-update.win32_1.4.0.202007081208/tools/bin/../lib/gcc/arm-none-eabi/7.3.1/../../../../arm-none-eabi/lib/thumb/v7e-m/fpv5/hard\libc_nano.a(lib_a-nano-vfprintf_i.o)
 .debug_frame   0x000000000000159c       0x2c c:/st/stm32cubeide_1.4.0/stm32cubeide/plugins/com.st.stm32cube.ide.mcu.externaltools.gnu-tools-for-stm32.7-2018-q2-update.win32_1.4.0.202007081208/tools/bin/../lib/gcc/arm-none-eabi/7.3.1/../../../../arm-none-eabi/lib/thumb/v7e-m/fpv5/hard\libc_nano.a(lib_a-readr.o)
 .debug_frame   0x00000000000015c8       0x5c c:/st/stm32cubeide_1.4.0/stm32cubeide/plugins/com.st.stm32cube.ide.mcu.externaltools.gnu-tools-for-stm32.7-2018-q2-update.win32_1.4.0.202007081208/tools/bin/../lib/gcc/arm-none-eabi/7.3.1/../../../../arm-none-eabi/lib/thumb/v7e-m/fpv5/hard\libc_nano.a(lib_a-reent.o)
 .debug_frame   0x0000000000001624       0x2c c:/st/stm32cubeide_1.4.0/stm32cubeide/plugins/com.st.stm32cube.ide.mcu.externaltools.gnu-tools-for-stm32.7-2018-q2-update.win32_1.4.0.202007081208/tools/bin/../lib/gcc/arm-none-eabi/7.3.1/../../../../arm-none-eabi/lib/thumb/v7e-m/fpv5/hard\libc_nano.a(lib_a-fstatr.o)
 .debug_frame   0x0000000000001650       0x2c c:/st/stm32cubeide_1.4.0/stm32cubeide/plugins/com.st.stm32cube.ide.mcu.externaltools.gnu-tools-for-stm32.7-2018-q2-update.win32_1.4.0.202007081208/tools/bin/../lib/gcc/arm-none-eabi/7.3.1/../../../../arm-none-eabi/lib/thumb/v7e-m/fpv5/hard\libc_nano.a(lib_a-isattyr.o)
 .debug_frame   0x000000000000167c       0x2c c:/st/stm32cubeide_1.4.0/stm32cubeide/plugins/com.st.stm32cube.ide.mcu.externaltools.gnu-tools-for-stm32.7-2018-q2-update.win32_1.4.0.202007081208/tools/bin/../lib/gcc/arm-none-eabi/7.3.1/thumb/v7e-m/fpv5/hard\libgcc.a(_aeabi_uldivmod.o)
 .debug_frame   0x00000000000016a8       0x34 c:/st/stm32cubeide_1.4.0/stm32cubeide/plugins/com.st.stm32cube.ide.mcu.externaltools.gnu-tools-for-stm32.7-2018-q2-update.win32_1.4.0.202007081208/tools/bin/../lib/gcc/arm-none-eabi/7.3.1/thumb/v7e-m/fpv5/hard\libgcc.a(_udivmoddi4.o)
 .debug_frame   0x00000000000016dc       0x20 c:/st/stm32cubeide_1.4.0/stm32cubeide/plugins/com.st.stm32cube.ide.mcu.externaltools.gnu-tools-for-stm32.7-2018-q2-update.win32_1.4.0.202007081208/tools/bin/../lib/gcc/arm-none-eabi/7.3.1/../../../../arm-none-eabi/lib/thumb/v7e-m/fpv5/hard\libnosys.a(close.o)
 .debug_frame   0x00000000000016fc       0x20 c:/st/stm32cubeide_1.4.0/stm32cubeide/plugins/com.st.stm32cube.ide.mcu.externaltools.gnu-tools-for-stm32.7-2018-q2-update.win32_1.4.0.202007081208/tools/bin/../lib/gcc/arm-none-eabi/7.3.1/../../../../arm-none-eabi/lib/thumb/v7e-m/fpv5/hard\libnosys.a(fstat.o)
 .debug_frame   0x000000000000171c       0x20 c:/st/stm32cubeide_1.4.0/stm32cubeide/plugins/com.st.stm32cube.ide.mcu.externaltools.gnu-tools-for-stm32.7-2018-q2-update.win32_1.4.0.202007081208/tools/bin/../lib/gcc/arm-none-eabi/7.3.1/../../../../arm-none-eabi/lib/thumb/v7e-m/fpv5/hard\libnosys.a(isatty.o)
 .debug_frame   0x000000000000173c       0x20 c:/st/stm32cubeide_1.4.0/stm32cubeide/plugins/com.st.stm32cube.ide.mcu.externaltools.gnu-tools-for-stm32.7-2018-q2-update.win32_1.4.0.202007081208/tools/bin/../lib/gcc/arm-none-eabi/7.3.1/../../../../arm-none-eabi/lib/thumb/v7e-m/fpv5/hard\libnosys.a(lseek.o)
 .debug_frame   0x000000000000175c       0x20 c:/st/stm32cubeide_1.4.0/stm32cubeide/plugins/com.st.stm32cube.ide.mcu.externaltools.gnu-tools-for-stm32.7-2018-q2-update.win32_1.4.0.202007081208/tools/bin/../lib/gcc/arm-none-eabi/7.3.1/../../../../arm-none-eabi/lib/thumb/v7e-m/fpv5/hard\libnosys.a(sbrk.o)

.stab           0x0000000000000000       0x6c
 .stab          0x0000000000000000       0x24 c:/st/stm32cubeide_1.4.0/stm32cubeide/plugins/com.st.stm32cube.ide.mcu.externaltools.gnu-tools-for-stm32.7-2018-q2-update.win32_1.4.0.202007081208/tools/bin/../lib/gcc/arm-none-eabi/7.3.1/../../../../arm-none-eabi/lib/thumb/v7e-m/fpv5/hard\libnosys.a(close.o)
 .stab          0x0000000000000024       0x18 c:/st/stm32cubeide_1.4.0/stm32cubeide/plugins/com.st.stm32cube.ide.mcu.externaltools.gnu-tools-for-stm32.7-2018-q2-update.win32_1.4.0.202007081208/tools/bin/../lib/gcc/arm-none-eabi/7.3.1/../../../../arm-none-eabi/lib/thumb/v7e-m/fpv5/hard\libnosys.a(fstat.o)
                                         0x24 (size before relaxing)
 .stab          0x000000000000003c       0x18 c:/st/stm32cubeide_1.4.0/stm32cubeide/plugins/com.st.stm32cube.ide.mcu.externaltools.gnu-tools-for-stm32.7-2018-q2-update.win32_1.4.0.202007081208/tools/bin/../lib/gcc/arm-none-eabi/7.3.1/../../../../arm-none-eabi/lib/thumb/v7e-m/fpv5/hard\libnosys.a(isatty.o)
                                         0x24 (size before relaxing)
 .stab          0x0000000000000054       0x18 c:/st/stm32cubeide_1.4.0/stm32cubeide/plugins/com.st.stm32cube.ide.mcu.externaltools.gnu-tools-for-stm32.7-2018-q2-update.win32_1.4.0.202007081208/tools/bin/../lib/gcc/arm-none-eabi/7.3.1/../../../../arm-none-eabi/lib/thumb/v7e-m/fpv5/hard\libnosys.a(lseek.o)
                                         0x24 (size before relaxing)

.stabstr        0x0000000000000000       0xe3
 .stabstr       0x0000000000000000       0xe3 c:/st/stm32cubeide_1.4.0/stm32cubeide/plugins/com.st.stm32cube.ide.mcu.externaltools.gnu-tools-for-stm32.7-2018-q2-update.win32_1.4.0.202007081208/tools/bin/../lib/gcc/arm-none-eabi/7.3.1/../../../../arm-none-eabi/lib/thumb/v7e-m/fpv5/hard\libnosys.a(close.o)
